Archive member included because of file (symbol)

/usr/lib/gcc/i686-pc-cygwin/4.3.2/libstdc++.dll.a(d001913.o)
                              (__imp___ZSt4cout)
/usr/lib/gcc/i686-pc-cygwin/4.3.2/libstdc++.dll.a(d002316.o)
                              obj/main.o (___gxx_personality_v0)
/usr/lib/gcc/i686-pc-cygwin/4.3.2/libstdc++.dll.a(d001743.o)
                              obj/main.o (__ZNSt8ios_base4InitC1Ev)
/usr/lib/gcc/i686-pc-cygwin/4.3.2/libstdc++.dll.a(d001950.o)
                              obj/main.o (__ZStlsISt11char_traitsIcEERSt13basic_ostreamIcT_ES5_PKc)
/usr/lib/gcc/i686-pc-cygwin/4.3.2/libstdc++.dll.a(d000745.o)
                              obj/main.o (__ZNSolsEPFRSoS_E)
/usr/lib/gcc/i686-pc-cygwin/4.3.2/libstdc++.dll.a(d001745.o)
                              obj/main.o (__ZNSt8ios_base4InitD1Ev)
/usr/lib/gcc/i686-pc-cygwin/4.3.2/libstdc++.dll.a(d001914.o)
                              obj/main.o (__ZSt4endlIcSt11char_traitsIcEERSt13basic_ostreamIT_T0_ES6_)
/usr/lib/gcc/i686-pc-cygwin/4.3.2/libstdc++.dll.a(d000000.o)
                              /usr/lib/gcc/i686-pc-cygwin/4.3.2/libstdc++.dll.a(d001913.o) (__head_cygstdc___6_dll)
/usr/lib/gcc/i686-pc-cygwin/4.3.2/libstdc++.dll.a(d002342.o)
                              /usr/lib/gcc/i686-pc-cygwin/4.3.2/libstdc++.dll.a(d000000.o) (_cygstdc___6_dll_iname)
/usr/lib/gcc/i686-pc-cygwin/4.3.2/libgcc_s.dll.a(d000035.o)
                              (___deregister_frame_info)
/usr/lib/gcc/i686-pc-cygwin/4.3.2/libgcc_s.dll.a(d000091.o)
                              (___register_frame_info)
/usr/lib/gcc/i686-pc-cygwin/4.3.2/libgcc_s.dll.a(d000000.o)
                              /usr/lib/gcc/i686-pc-cygwin/4.3.2/libgcc_s.dll.a(d000035.o) (__head_cyggcc_s_1_dll)
/usr/lib/gcc/i686-pc-cygwin/4.3.2/libgcc_s.dll.a(d000104.o)
                              /usr/lib/gcc/i686-pc-cygwin/4.3.2/libgcc_s.dll.a(d000000.o) (_cyggcc_s_1_dll_iname)
/usr/lib/gcc/i686-pc-cygwin/4.3.2/../../../libcygwin.a(cygwin_crt0.o)
                              /usr/lib/gcc/i686-pc-cygwin/4.3.2/../../../crt0.o (_cygwin_crt0)
/usr/lib/gcc/i686-pc-cygwin/4.3.2/../../../libcygwin.a(d000054.o)
                              obj/main.o (___main)
/usr/lib/gcc/i686-pc-cygwin/4.3.2/../../../libcygwin.a(_cygwin_crt0_common.o)
                              /usr/lib/gcc/i686-pc-cygwin/4.3.2/../../../libcygwin.a(cygwin_crt0.o) (__cygwin_crt0_common@8)
/usr/lib/gcc/i686-pc-cygwin/4.3.2/../../../libcygwin.a(d000772.o)
                              /usr/lib/gcc/i686-pc-cygwin/4.3.2/../../../libcygwin.a(cygwin_crt0.o) (__imp__dll_crt0__FP11per_process)
/usr/lib/gcc/i686-pc-cygwin/4.3.2/../../../libcygwin.a(d000000.o)
                              /usr/lib/gcc/i686-pc-cygwin/4.3.2/../../../libcygwin.a(d000054.o) (__head_cygwin1_dll)
/usr/lib/gcc/i686-pc-cygwin/4.3.2/../../../libcygwin.a(d000327.o)
                              /usr/lib/gcc/i686-pc-cygwin/4.3.2/../../../libcygwin.a(_cygwin_crt0_common.o) (__imp___impure_ptr)
/usr/lib/gcc/i686-pc-cygwin/4.3.2/../../../libcygwin.a(pseudo-reloc.o)
                              /usr/lib/gcc/i686-pc-cygwin/4.3.2/../../../libcygwin.a(_cygwin_crt0_common.o) (__pei386_runtime_relocator)
/usr/lib/gcc/i686-pc-cygwin/4.3.2/../../../libcygwin.a(d000696.o)
                              /usr/lib/gcc/i686-pc-cygwin/4.3.2/../../../libcygwin.a(_cygwin_crt0_common.o) (_calloc)
/usr/lib/gcc/i686-pc-cygwin/4.3.2/../../../libcygwin.a(d001281.o)
                              /usr/lib/gcc/i686-pc-cygwin/4.3.2/../../../libcygwin.a(_cygwin_crt0_common.o) (_realloc)
/usr/lib/gcc/i686-pc-cygwin/4.3.2/../../../libcygwin.a(d000870.o)
                              /usr/lib/gcc/i686-pc-cygwin/4.3.2/../../../libcygwin.a(_cygwin_crt0_common.o) (_free)
/usr/lib/gcc/i686-pc-cygwin/4.3.2/../../../libcygwin.a(d001100.o)
                              /usr/lib/gcc/i686-pc-cygwin/4.3.2/../../../libcygwin.a(_cygwin_crt0_common.o) (_malloc)
/usr/lib/gcc/i686-pc-cygwin/4.3.2/../../../libcygwin.a(premain3.o)
                              /usr/lib/gcc/i686-pc-cygwin/4.3.2/../../../libcygwin.a(_cygwin_crt0_common.o) (_cygwin_premain3)
/usr/lib/gcc/i686-pc-cygwin/4.3.2/../../../libcygwin.a(premain2.o)
                              /usr/lib/gcc/i686-pc-cygwin/4.3.2/../../../libcygwin.a(_cygwin_crt0_common.o) (_cygwin_premain2)
/usr/lib/gcc/i686-pc-cygwin/4.3.2/../../../libcygwin.a(premain1.o)
                              /usr/lib/gcc/i686-pc-cygwin/4.3.2/../../../libcygwin.a(_cygwin_crt0_common.o) (_cygwin_premain1)
/usr/lib/gcc/i686-pc-cygwin/4.3.2/../../../libcygwin.a(premain0.o)
                              /usr/lib/gcc/i686-pc-cygwin/4.3.2/../../../libcygwin.a(_cygwin_crt0_common.o) (_cygwin_premain0)
/usr/lib/gcc/i686-pc-cygwin/4.3.2/../../../libcygwin.a(d000752.o)
                              /usr/lib/gcc/i686-pc-cygwin/4.3.2/../../../libcygwin.a(_cygwin_crt0_common.o) (_cygwin_internal)
/usr/lib/gcc/i686-pc-cygwin/4.3.2/../../../libcygwin.a(d001625.o)
                              /usr/lib/gcc/i686-pc-cygwin/4.3.2/../../../libcygwin.a(d000000.o) (_cygwin1_dll_iname)
/usr/lib/w32api/libkernel32.a(dyuhs00337.o)
                              /usr/lib/gcc/i686-pc-cygwin/4.3.2/crtbegin.o (_GetModuleHandleA@4)
/usr/lib/w32api/libkernel32.a(dyuhs00364.o)
                              /usr/lib/gcc/i686-pc-cygwin/4.3.2/crtbegin.o (_GetProcAddress@8)
/usr/lib/w32api/libkernel32.a(dyuhh.o)
                              /usr/lib/w32api/libkernel32.a(dyuhs00337.o) (__head_libkernel32_a)
/usr/lib/w32api/libkernel32.a(dyuht.o)
                              /usr/lib/w32api/libkernel32.a(dyuhh.o) (__libkernel32_a_iname)
/usr/lib/gcc/i686-pc-cygwin/4.3.2/libgcc_s.dll.a(_ctors.o)
                              /usr/lib/gcc/i686-pc-cygwin/4.3.2/../../../libcygwin.a(_cygwin_crt0_common.o) (___CTOR_LIST__)

Allocating common symbols
Common symbol       size              file

__DTOR_LIST__       0x10              /usr/lib/gcc/i686-pc-cygwin/4.3.2/libgcc_s.dll.a(_ctors.o)
__CTOR_LIST__       0x10              /usr/lib/gcc/i686-pc-cygwin/4.3.2/libgcc_s.dll.a(_ctors.o)

Discarded input sections

 .text          0x00000000        0x0 /usr/lib/gcc/i686-pc-cygwin/4.3.2/../../../libcygwin.a(d000772.o)

Memory Configuration

Name             Origin             Length             Attributes
*default*        0x00000000         0xffffffff

Linker script and memory map

                0x00400000                __image_base__ = 0x400000
                0x00000000                __dll__ = 0x0
                0x00400000                ___ImageBase = 0x400000
                0x00001000                __section_alignment__ = 0x1000
                0x00000200                __file_alignment__ = 0x200
                0x00000004                __major_os_version__ = 0x4
                0x00000000                __minor_os_version__ = 0x0
                0x00000001                __major_image_version__ = 0x1
                0x00000000                __minor_image_version__ = 0x0
                0x00000004                __major_subsystem_version__ = 0x4
                0x00000000                __minor_subsystem_version__ = 0x0
                0x00000003                __subsystem__ = 0x3
                0x00200000                __size_of_stack_reserve__ = 0x200000
                0x00001000                __size_of_stack_commit__ = 0x1000
                0x00100000                __size_of_heap_reserve__ = 0x100000
                0x00001000                __size_of_heap_commit__ = 0x1000
                0x00000000                __loader_flags__ = 0x0
LOAD /usr/lib/gcc/i686-pc-cygwin/4.3.2/../../../crt0.o
LOAD /usr/lib/gcc/i686-pc-cygwin/4.3.2/crtbegin.o
LOAD obj/main.o
LOAD /usr/lib/gcc/i686-pc-cygwin/4.3.2/../../../libm.a
LOAD /usr/lib/gcc/i686-pc-cygwin/4.3.2/libstdc++.dll.a
LOAD /usr/lib/gcc/i686-pc-cygwin/4.3.2/libgcc_s.dll.a
LOAD /usr/lib/gcc/i686-pc-cygwin/4.3.2/libgcc_s.dll.a
LOAD /usr/lib/gcc/i686-pc-cygwin/4.3.2/libgcc.a
LOAD /usr/lib/gcc/i686-pc-cygwin/4.3.2/../../../libcygwin.a
LOAD /usr/lib/w32api/libuser32.a
LOAD /usr/lib/w32api/libkernel32.a
LOAD /usr/lib/w32api/libadvapi32.a
LOAD /usr/lib/w32api/libshell32.a
LOAD /usr/lib/gcc/i686-pc-cygwin/4.3.2/libgcc_s.dll.a
LOAD /usr/lib/gcc/i686-pc-cygwin/4.3.2/libgcc_s.dll.a
LOAD /usr/lib/gcc/i686-pc-cygwin/4.3.2/libgcc.a
LOAD /usr/lib/gcc/i686-pc-cygwin/4.3.2/crtend.o
                0x000002e0                . = SIZEOF_HEADERS
                0x00001000                . = ALIGN (__section_alignment__)

.text           0x00401000      0x600
 *(.init)
 *(.text)
 .text          0x00401000       0x50 /usr/lib/gcc/i686-pc-cygwin/4.3.2/../../../crt0.o
                0x00401000                _WinMainCRTStartup
                0x00401000                _mainCRTStartup
 .text          0x00401050       0xb0 /usr/lib/gcc/i686-pc-cygwin/4.3.2/crtbegin.o
                0x00401050                ___gcc_register_frame
                0x004010b0                ___gcc_deregister_frame
 .text          0x00401100       0xc8 obj/main.o
                0x00401100                _main
 .text          0x004011c8        0x0 /usr/lib/gcc/i686-pc-cygwin/4.3.2/libstdc++.dll.a(d001913.o)
 .text          0x004011c8        0x8 /usr/lib/gcc/i686-pc-cygwin/4.3.2/libstdc++.dll.a(d002316.o)
                0x004011c8                ___gxx_personality_v0
 .text          0x004011d0        0x8 /usr/lib/gcc/i686-pc-cygwin/4.3.2/libstdc++.dll.a(d001743.o)
                0x004011d0                __ZNSt8ios_base4InitC1Ev
 .text          0x004011d8        0x8 /usr/lib/gcc/i686-pc-cygwin/4.3.2/libstdc++.dll.a(d001950.o)
                0x004011d8                __ZStlsISt11char_traitsIcEERSt13basic_ostreamIcT_ES5_PKc
 .text          0x004011e0        0x8 /usr/lib/gcc/i686-pc-cygwin/4.3.2/libstdc++.dll.a(d000745.o)
                0x004011e0                __ZNSolsEPFRSoS_E
 .text          0x004011e8        0x8 /usr/lib/gcc/i686-pc-cygwin/4.3.2/libstdc++.dll.a(d001745.o)
                0x004011e8                __ZNSt8ios_base4InitD1Ev
 .text          0x004011f0        0x8 /usr/lib/gcc/i686-pc-cygwin/4.3.2/libstdc++.dll.a(d001914.o)
                0x004011f0                __ZSt4endlIcSt11char_traitsIcEERSt13basic_ostreamIT_T0_ES6_
 .text          0x004011f8        0x8 /usr/lib/gcc/i686-pc-cygwin/4.3.2/libgcc_s.dll.a(d000035.o)
                0x004011f8                ___deregister_frame_info
 .text          0x00401200        0x8 /usr/lib/gcc/i686-pc-cygwin/4.3.2/libgcc_s.dll.a(d000091.o)
                0x00401200                ___register_frame_info
 .text          0x00401208       0x60 /usr/lib/gcc/i686-pc-cygwin/4.3.2/../../../libcygwin.a(cygwin_crt0.o)
                0x00401208                _cygwin_crt0
 .text          0x00401268       0x10 /usr/lib/gcc/i686-pc-cygwin/4.3.2/../../../libcygwin.a(d000054.o)
                0x00401268                ___main
 .text          0x00401278      0x150 /usr/lib/gcc/i686-pc-cygwin/4.3.2/../../../libcygwin.a(_cygwin_crt0_common.o)
                0x00401278                __cygwin_crt0_common@8
 .text          0x004013c8        0x0 /usr/lib/gcc/i686-pc-cygwin/4.3.2/../../../libcygwin.a(d000327.o)
 .text          0x004013c8       0x60 /usr/lib/gcc/i686-pc-cygwin/4.3.2/../../../libcygwin.a(pseudo-reloc.o)
                0x004013f8                __pei386_runtime_relocator
                0x004013c8                _do_pseudo_reloc
 .text          0x00401428       0x10 /usr/lib/gcc/i686-pc-cygwin/4.3.2/../../../libcygwin.a(d000696.o)
                0x00401428                _calloc
 .text          0x00401438       0x10 /usr/lib/gcc/i686-pc-cygwin/4.3.2/../../../libcygwin.a(d001281.o)
                0x00401438                _realloc
 .text          0x00401448       0x10 /usr/lib/gcc/i686-pc-cygwin/4.3.2/../../../libcygwin.a(d000870.o)
                0x00401448                _free
 .text          0x00401458       0x10 /usr/lib/gcc/i686-pc-cygwin/4.3.2/../../../libcygwin.a(d001100.o)
                0x00401458                _malloc
 .text          0x00401468       0x10 /usr/lib/gcc/i686-pc-cygwin/4.3.2/../../../libcygwin.a(premain3.o)
                0x00401468                _cygwin_premain3
 .text          0x00401478       0x10 /usr/lib/gcc/i686-pc-cygwin/4.3.2/../../../libcygwin.a(premain2.o)
                0x00401478                _cygwin_premain2
 .text          0x00401488       0x10 /usr/lib/gcc/i686-pc-cygwin/4.3.2/../../../libcygwin.a(premain1.o)
                0x00401488                _cygwin_premain1
 .text          0x00401498       0x10 /usr/lib/gcc/i686-pc-cygwin/4.3.2/../../../libcygwin.a(premain0.o)
                0x00401498                _cygwin_premain0
 .text          0x004014a8       0x10 /usr/lib/gcc/i686-pc-cygwin/4.3.2/../../../libcygwin.a(d000752.o)
                0x004014a8                _cygwin_internal
 .text          0x004014b8        0x8 /usr/lib/w32api/libkernel32.a(dyuhs00337.o)
                0x004014b8                _GetModuleHandleA@4
 .text          0x004014c0        0x8 /usr/lib/w32api/libkernel32.a(dyuhs00364.o)
                0x004014c0                _GetProcAddress@8
 .text          0x004014c8        0x0 /usr/lib/w32api/libkernel32.a(dyuhh.o)
 .text          0x004014c8        0x0 /usr/lib/w32api/libkernel32.a(dyuht.o)
 .text          0x004014c8        0x0 /usr/lib/gcc/i686-pc-cygwin/4.3.2/libgcc_s.dll.a(_ctors.o)
 *fill*         0x004014c8        0x8 00
 .text          0x004014d0       0x20 /usr/lib/gcc/i686-pc-cygwin/4.3.2/crtend.o
 *(SORT(.text$*))
 .text$_Z4SortI17ForwardLinkedListIiEEvRT_
                0x004014f0       0x1c obj/main.o
                0x004014f0                __Z4SortI17ForwardLinkedListIiEEvRT_
 .text$_Z4SortI23BidirectionalLinkedListIiEEvRT_
                0x0040150c       0x1c obj/main.o
                0x0040150c                __Z4SortI23BidirectionalLinkedListIiEEvRT_
 .text$_Z4SortI6VectorIiEEvRT_
                0x00401528       0x1c obj/main.o
                0x00401528                __Z4SortI6VectorIiEEvRT_
 .text$_ZN23BidirectionalLinkedListIiEC1Ev
                0x00401544        0x8 obj/main.o
                0x00401544                __ZN23BidirectionalLinkedListIiEC1Ev
 .text$_ZN7Private4SortI17ForwardLinkedListIiEEEvRT_R16ForwardTraversal
                0x0040154c       0x2c obj/main.o
                0x0040154c                __ZN7Private4SortI17ForwardLinkedListIiEEEvRT_R16ForwardTraversal
                0x0040155d                __fu1___ZSt4cout
 .text$_ZN7Private4SortI23BidirectionalLinkedListIiEEEvRT_R22BidirectionalTraversal
                0x00401578       0x2c obj/main.o
                0x00401589                __fu2___ZSt4cout
                0x00401578                __ZN7Private4SortI23BidirectionalLinkedListIiEEEvRT_R22BidirectionalTraversal
 .text$_ZN7Private4SortI6VectorIiEEEvRT_R21RandomAccessTraversal
                0x004015a4       0x2c obj/main.o
                0x004015b5                __fu0___ZSt4cout
                0x004015a4                __ZN7Private4SortI6VectorIiEEEvRT_R21RandomAccessTraversal
 *(.glue_7t)
 *(.glue_7)
                0x004015d0                ___CTOR_LIST__ = .
                0x004015d0                __CTOR_LIST__ = .
                0x004015d0        0x4 LONG 0xffffffff
 *(.ctors)
 .ctors         0x004015d4        0x4 obj/main.o
 *(.ctor)
 *(SORT(.ctors.*))
 .ctors.65535   0x004015d8        0x4 /usr/lib/gcc/i686-pc-cygwin/4.3.2/crtend.o
                0x004015dc        0x4 LONG 0x0
                0x004015e0                ___DTOR_LIST__ = .
                0x004015e0                __DTOR_LIST__ = .
                0x004015e0        0x4 LONG 0xffffffff
 *(.dtors)
 .dtors         0x004015e4        0x4 obj/main.o
 *(.dtor)
 *(SORT(.dtors.*))
 .dtors.65535   0x004015e8        0x4 /usr/lib/gcc/i686-pc-cygwin/4.3.2/crtend.o
                0x004015ec        0x4 LONG 0x0
 *(.fini)
 *(.gcc_exc)
                0x004015f0                PROVIDE (etext, .)
 *(.gcc_except_table)

.data           0x00402000      0x200
                0x00402000                __data_start__ = .
 *(.data)
 .data          0x00402000        0x0 /usr/lib/gcc/i686-pc-cygwin/4.3.2/../../../crt0.o
 .data          0x00402000        0xc /usr/lib/gcc/i686-pc-cygwin/4.3.2/crtbegin.o
                0x00402004                _deregister_frame_info_ptr
                0x00402008                _jv_registerclasses_ptr
                0x00402000                _register_frame_info_ptr
 .data          0x0040200c        0x0 obj/main.o
 .data          0x0040200c        0x0 /usr/lib/gcc/i686-pc-cygwin/4.3.2/../../../libcygwin.a(cygwin_crt0.o)
 .data          0x0040200c        0x0 /usr/lib/gcc/i686-pc-cygwin/4.3.2/../../../libcygwin.a(_cygwin_crt0_common.o)
 .data          0x0040200c        0x0 /usr/lib/gcc/i686-pc-cygwin/4.3.2/../../../libcygwin.a(pseudo-reloc.o)
 .data          0x0040200c        0x0 /usr/lib/gcc/i686-pc-cygwin/4.3.2/../../../libcygwin.a(premain3.o)
 .data          0x0040200c        0x0 /usr/lib/gcc/i686-pc-cygwin/4.3.2/../../../libcygwin.a(premain2.o)
 .data          0x0040200c        0x0 /usr/lib/gcc/i686-pc-cygwin/4.3.2/../../../libcygwin.a(premain1.o)
 .data          0x0040200c        0x0 /usr/lib/gcc/i686-pc-cygwin/4.3.2/../../../libcygwin.a(premain0.o)
 .data          0x0040200c        0x0 /usr/lib/w32api/libkernel32.a(dyuhs00337.o)
 .data          0x0040200c        0x0 /usr/lib/w32api/libkernel32.a(dyuhs00364.o)
 .data          0x0040200c        0x0 /usr/lib/w32api/libkernel32.a(dyuhh.o)
 .data          0x0040200c        0x0 /usr/lib/w32api/libkernel32.a(dyuht.o)
 .data          0x0040200c        0x0 /usr/lib/gcc/i686-pc-cygwin/4.3.2/libgcc_s.dll.a(_ctors.o)
 .data          0x0040200c        0x0 /usr/lib/gcc/i686-pc-cygwin/4.3.2/crtend.o
 *(.data2)
 *(SORT(.data$*))
 *(.rdata)
 .rdata         0x0040200c       0x40 /usr/lib/gcc/i686-pc-cygwin/4.3.2/crtbegin.o
 .rdata         0x0040204c       0x8c obj/main.o
 *(SORT(.rdata$*))
 *(.jcr)
                0x004020d8                __data_end__ = .
 *(.data_cygwin_nocopy)

.rdata          0x00403000      0x200
 *(.eh_frame)
 .eh_frame      0x00403000        0x0 /usr/lib/gcc/i686-pc-cygwin/4.3.2/crtbegin.o
 .eh_frame      0x00403000      0x140 obj/main.o
 .eh_frame      0x00403140        0x4 /usr/lib/gcc/i686-pc-cygwin/4.3.2/crtend.o
                0x00403144                ___RUNTIME_PSEUDO_RELOC_LIST__ = .
                0x00403144                __RUNTIME_PSEUDO_RELOC_LIST__ = .
 *(.rdata_runtime_pseudo_reloc)
                0x00403144                ___RUNTIME_PSEUDO_RELOC_LIST_END__ = .
                0x00403144                __RUNTIME_PSEUDO_RELOC_LIST_END__ = .

.pdata
 *(.pdata)

.bss            0x00404000       0x70
                0x00404000                __bss_start__ = .
 *(.bss)
 .bss           0x00404000       0x10 /usr/lib/gcc/i686-pc-cygwin/4.3.2/../../../crt0.o
                0x00404000                ___cygwin_crt0_bp
 .bss           0x00404010       0x20 /usr/lib/gcc/i686-pc-cygwin/4.3.2/crtbegin.o
 .bss           0x00404030       0x10 obj/main.o
 .bss           0x00404040        0x0 /usr/lib/gcc/i686-pc-cygwin/4.3.2/../../../libcygwin.a(cygwin_crt0.o)
 .bss           0x00404040       0x10 /usr/lib/gcc/i686-pc-cygwin/4.3.2/../../../libcygwin.a(_cygwin_crt0_common.o)
                0x00404044                _environ
                0x00404040                __fmode
 .bss           0x00404050        0x0 /usr/lib/gcc/i686-pc-cygwin/4.3.2/../../../libcygwin.a(pseudo-reloc.o)
 .bss           0x00404050        0x0 /usr/lib/gcc/i686-pc-cygwin/4.3.2/../../../libcygwin.a(premain3.o)
 .bss           0x00404050        0x0 /usr/lib/gcc/i686-pc-cygwin/4.3.2/../../../libcygwin.a(premain2.o)
 .bss           0x00404050        0x0 /usr/lib/gcc/i686-pc-cygwin/4.3.2/../../../libcygwin.a(premain1.o)
 .bss           0x00404050        0x0 /usr/lib/gcc/i686-pc-cygwin/4.3.2/../../../libcygwin.a(premain0.o)
 .bss           0x00404050        0x0 /usr/lib/w32api/libkernel32.a(dyuhs00337.o)
 .bss           0x00404050        0x0 /usr/lib/w32api/libkernel32.a(dyuhs00364.o)
 .bss           0x00404050        0x0 /usr/lib/w32api/libkernel32.a(dyuhh.o)
 .bss           0x00404050        0x0 /usr/lib/w32api/libkernel32.a(dyuht.o)
 .bss           0x00404050        0x0 /usr/lib/gcc/i686-pc-cygwin/4.3.2/libgcc_s.dll.a(_ctors.o)
 .bss           0x00404050        0x0 /usr/lib/gcc/i686-pc-cygwin/4.3.2/crtend.o
 *(COMMON)
 COMMON         0x00404050       0x20 /usr/lib/gcc/i686-pc-cygwin/4.3.2/libgcc_s.dll.a(_ctors.o)
                0x00404070                __bss_end__ = .

.edata
 *(.edata)

/DISCARD/
 *(.debug$S)
 *(.debug$T)
 *(.debug$F)
 *(.drectve)

.idata          0x00405000      0x400
 SORT(*)(.idata$2)
 .idata$2       0x00405000       0x14 /usr/lib/gcc/i686-pc-cygwin/4.3.2/../../../libcygwin.a(d000000.o)
                0x00405000                __head_cygwin1_dll
 .idata$2       0x00405014       0x14 /usr/lib/gcc/i686-pc-cygwin/4.3.2/libgcc_s.dll.a(d000000.o)
                0x00405014                __head_cyggcc_s_1_dll
 .idata$2       0x00405028       0x14 /usr/lib/gcc/i686-pc-cygwin/4.3.2/libstdc++.dll.a(d000000.o)
                0x00405028                __head_cygstdc___6_dll
 .idata$2       0x0040503c       0x14 /usr/lib/w32api/libkernel32.a(dyuhh.o)
                0x0040503c                __head_libkernel32_a
 .idata$2       0x00405050       0x14 fu000001.o
 .idata$2       0x00405064       0x14 fu000002.o
 .idata$2       0x00405078       0x14 fu000003.o
 SORT(*)(.idata$3)
                0x0040508c        0x4 LONG 0x0
                0x00405090        0x4 LONG 0x0
                0x00405094        0x4 LONG 0x0
                0x00405098        0x4 LONG 0x0
                0x0040509c        0x4 LONG 0x0
 SORT(*)(.idata$4)
 .idata$4       0x004050a0        0x4 /usr/lib/gcc/i686-pc-cygwin/4.3.2/../../../libcygwin.a(d000000.o)
 .idata$4       0x004050a4        0x4 /usr/lib/gcc/i686-pc-cygwin/4.3.2/../../../libcygwin.a(d000054.o)
 .idata$4       0x004050a8        0x4 /usr/lib/gcc/i686-pc-cygwin/4.3.2/../../../libcygwin.a(d000327.o)
 .idata$4       0x004050ac        0x4 /usr/lib/gcc/i686-pc-cygwin/4.3.2/../../../libcygwin.a(d000696.o)
 .idata$4       0x004050b0        0x4 /usr/lib/gcc/i686-pc-cygwin/4.3.2/../../../libcygwin.a(d000752.o)
 .idata$4       0x004050b4        0x4 /usr/lib/gcc/i686-pc-cygwin/4.3.2/../../../libcygwin.a(d000772.o)
 .idata$4       0x004050b8        0x4 /usr/lib/gcc/i686-pc-cygwin/4.3.2/../../../libcygwin.a(d000870.o)
 .idata$4       0x004050bc        0x4 /usr/lib/gcc/i686-pc-cygwin/4.3.2/../../../libcygwin.a(d001100.o)
 .idata$4       0x004050c0        0x4 /usr/lib/gcc/i686-pc-cygwin/4.3.2/../../../libcygwin.a(d001281.o)
 .idata$4       0x004050c4        0x4 /usr/lib/gcc/i686-pc-cygwin/4.3.2/../../../libcygwin.a(d001625.o)
 .idata$4       0x004050c8        0x0 /usr/lib/gcc/i686-pc-cygwin/4.3.2/libgcc_s.dll.a(d000000.o)
 .idata$4       0x004050c8        0x4 /usr/lib/gcc/i686-pc-cygwin/4.3.2/libgcc_s.dll.a(d000035.o)
 .idata$4       0x004050cc        0x4 /usr/lib/gcc/i686-pc-cygwin/4.3.2/libgcc_s.dll.a(d000091.o)
 .idata$4       0x004050d0        0x4 /usr/lib/gcc/i686-pc-cygwin/4.3.2/libgcc_s.dll.a(d000104.o)
 .idata$4       0x004050d4        0x0 /usr/lib/gcc/i686-pc-cygwin/4.3.2/libstdc++.dll.a(d000000.o)
 .idata$4       0x004050d4        0x4 /usr/lib/gcc/i686-pc-cygwin/4.3.2/libstdc++.dll.a(d000745.o)
 .idata$4       0x004050d8        0x4 /usr/lib/gcc/i686-pc-cygwin/4.3.2/libstdc++.dll.a(d001743.o)
 .idata$4       0x004050dc        0x4 /usr/lib/gcc/i686-pc-cygwin/4.3.2/libstdc++.dll.a(d001745.o)
 .idata$4       0x004050e0        0x4 /usr/lib/gcc/i686-pc-cygwin/4.3.2/libstdc++.dll.a(d001913.o)
 .idata$4       0x004050e4        0x4 /usr/lib/gcc/i686-pc-cygwin/4.3.2/libstdc++.dll.a(d001914.o)
 .idata$4       0x004050e8        0x4 /usr/lib/gcc/i686-pc-cygwin/4.3.2/libstdc++.dll.a(d001950.o)
 .idata$4       0x004050ec        0x4 /usr/lib/gcc/i686-pc-cygwin/4.3.2/libstdc++.dll.a(d002316.o)
 .idata$4       0x004050f0        0x4 /usr/lib/gcc/i686-pc-cygwin/4.3.2/libstdc++.dll.a(d002342.o)
 .idata$4       0x004050f4        0x4 /usr/lib/w32api/libkernel32.a(dyuhh.o)
 .idata$4       0x004050f8        0x4 /usr/lib/w32api/libkernel32.a(dyuhs00337.o)
 .idata$4       0x004050fc        0x4 /usr/lib/w32api/libkernel32.a(dyuhs00364.o)
 .idata$4       0x00405100        0x4 /usr/lib/w32api/libkernel32.a(dyuht.o)
 .idata$4       0x00405104        0x8 nmth000000.o
                0x00405104                __nm_thnk___ZSt4cout
 SORT(*)(.idata$5)
 .idata$5       0x0040510c        0x4 /usr/lib/gcc/i686-pc-cygwin/4.3.2/../../../libcygwin.a(d000000.o)
 .idata$5       0x00405110        0x4 /usr/lib/gcc/i686-pc-cygwin/4.3.2/../../../libcygwin.a(d000054.o)
                0x00405110                __imp____main
 .idata$5       0x00405114        0x4 /usr/lib/gcc/i686-pc-cygwin/4.3.2/../../../libcygwin.a(d000327.o)
                0x00405114                __imp___impure_ptr
 .idata$5       0x00405118        0x4 /usr/lib/gcc/i686-pc-cygwin/4.3.2/../../../libcygwin.a(d000696.o)
                0x00405118                __imp__calloc
 .idata$5       0x0040511c        0x4 /usr/lib/gcc/i686-pc-cygwin/4.3.2/../../../libcygwin.a(d000752.o)
                0x0040511c                __imp__cygwin_internal
 .idata$5       0x00405120        0x4 /usr/lib/gcc/i686-pc-cygwin/4.3.2/../../../libcygwin.a(d000772.o)
                0x00405120                __imp__dll_crt0__FP11per_process
 .idata$5       0x00405124        0x4 /usr/lib/gcc/i686-pc-cygwin/4.3.2/../../../libcygwin.a(d000870.o)
                0x00405124                __imp__free
 .idata$5       0x00405128        0x4 /usr/lib/gcc/i686-pc-cygwin/4.3.2/../../../libcygwin.a(d001100.o)
                0x00405128                __imp__malloc
 .idata$5       0x0040512c        0x4 /usr/lib/gcc/i686-pc-cygwin/4.3.2/../../../libcygwin.a(d001281.o)
                0x0040512c                __imp__realloc
 .idata$5       0x00405130        0x4 /usr/lib/gcc/i686-pc-cygwin/4.3.2/../../../libcygwin.a(d001625.o)
 .idata$5       0x00405134        0x0 /usr/lib/gcc/i686-pc-cygwin/4.3.2/libgcc_s.dll.a(d000000.o)
 .idata$5       0x00405134        0x4 /usr/lib/gcc/i686-pc-cygwin/4.3.2/libgcc_s.dll.a(d000035.o)
                0x00405134                __imp____deregister_frame_info
 .idata$5       0x00405138        0x4 /usr/lib/gcc/i686-pc-cygwin/4.3.2/libgcc_s.dll.a(d000091.o)
                0x00405138                __imp____register_frame_info
 .idata$5       0x0040513c        0x4 /usr/lib/gcc/i686-pc-cygwin/4.3.2/libgcc_s.dll.a(d000104.o)
 .idata$5       0x00405140        0x0 /usr/lib/gcc/i686-pc-cygwin/4.3.2/libstdc++.dll.a(d000000.o)
 .idata$5       0x00405140        0x4 /usr/lib/gcc/i686-pc-cygwin/4.3.2/libstdc++.dll.a(d000745.o)
                0x00405140                __imp___ZNSolsEPFRSoS_E
 .idata$5       0x00405144        0x4 /usr/lib/gcc/i686-pc-cygwin/4.3.2/libstdc++.dll.a(d001743.o)
                0x00405144                __imp___ZNSt8ios_base4InitC1Ev
 .idata$5       0x00405148        0x4 /usr/lib/gcc/i686-pc-cygwin/4.3.2/libstdc++.dll.a(d001745.o)
                0x00405148                __imp___ZNSt8ios_base4InitD1Ev
 .idata$5       0x0040514c        0x4 /usr/lib/gcc/i686-pc-cygwin/4.3.2/libstdc++.dll.a(d001913.o)
                0x0040514c                __imp___ZSt4cout
                0x0040514c                __imp___ZSt4cout
 .idata$5       0x00405150        0x4 /usr/lib/gcc/i686-pc-cygwin/4.3.2/libstdc++.dll.a(d001914.o)
                0x00405150                __imp___ZSt4endlIcSt11char_traitsIcEERSt13basic_ostreamIT_T0_ES6_
 .idata$5       0x00405154        0x4 /usr/lib/gcc/i686-pc-cygwin/4.3.2/libstdc++.dll.a(d001950.o)
                0x00405154                __imp___ZStlsISt11char_traitsIcEERSt13basic_ostreamIcT_ES5_PKc
 .idata$5       0x00405158        0x4 /usr/lib/gcc/i686-pc-cygwin/4.3.2/libstdc++.dll.a(d002316.o)
                0x00405158                __imp____gxx_personality_v0
 .idata$5       0x0040515c        0x4 /usr/lib/gcc/i686-pc-cygwin/4.3.2/libstdc++.dll.a(d002342.o)
 .idata$5       0x00405160        0x4 /usr/lib/w32api/libkernel32.a(dyuhh.o)
 .idata$5       0x00405164        0x4 /usr/lib/w32api/libkernel32.a(dyuhs00337.o)
                0x00405164                __imp__GetModuleHandleA@4
 .idata$5       0x00405168        0x4 /usr/lib/w32api/libkernel32.a(dyuhs00364.o)
                0x00405168                __imp__GetProcAddress@8
 .idata$5       0x0040516c        0x4 /usr/lib/w32api/libkernel32.a(dyuht.o)
 SORT(*)(.idata$6)
 .idata$6       0x00405170        0xc /usr/lib/gcc/i686-pc-cygwin/4.3.2/../../../libcygwin.a(d000054.o)
 .idata$6       0x0040517c       0x10 /usr/lib/gcc/i686-pc-cygwin/4.3.2/../../../libcygwin.a(d000327.o)
                0x0040517c                __nm___impure_ptr
 .idata$6       0x0040518c        0xc /usr/lib/gcc/i686-pc-cygwin/4.3.2/../../../libcygwin.a(d000696.o)
 .idata$6       0x00405198       0x14 /usr/lib/gcc/i686-pc-cygwin/4.3.2/../../../libcygwin.a(d000752.o)
 .idata$6       0x004051ac       0x1c /usr/lib/gcc/i686-pc-cygwin/4.3.2/../../../libcygwin.a(d000772.o)
 .idata$6       0x004051c8        0x8 /usr/lib/gcc/i686-pc-cygwin/4.3.2/../../../libcygwin.a(d000870.o)
 .idata$6       0x004051d0        0xc /usr/lib/gcc/i686-pc-cygwin/4.3.2/../../../libcygwin.a(d001100.o)
 .idata$6       0x004051dc        0xc /usr/lib/gcc/i686-pc-cygwin/4.3.2/../../../libcygwin.a(d001281.o)
 .idata$6       0x004051e8       0x1c /usr/lib/gcc/i686-pc-cygwin/4.3.2/libgcc_s.dll.a(d000035.o)
 .idata$6       0x00405204       0x18 /usr/lib/gcc/i686-pc-cygwin/4.3.2/libgcc_s.dll.a(d000091.o)
 .idata$6       0x0040521c       0x14 /usr/lib/gcc/i686-pc-cygwin/4.3.2/libstdc++.dll.a(d000745.o)
 .idata$6       0x00405230       0x1c /usr/lib/gcc/i686-pc-cygwin/4.3.2/libstdc++.dll.a(d001743.o)
 .idata$6       0x0040524c       0x1c /usr/lib/gcc/i686-pc-cygwin/4.3.2/libstdc++.dll.a(d001745.o)
 .idata$6       0x00405268        0xc /usr/lib/gcc/i686-pc-cygwin/4.3.2/libstdc++.dll.a(d001913.o)
                0x00405268                __nm___ZSt4cout
 .idata$6       0x00405274       0x40 /usr/lib/gcc/i686-pc-cygwin/4.3.2/libstdc++.dll.a(d001914.o)
 .idata$6       0x004052b4       0x3c /usr/lib/gcc/i686-pc-cygwin/4.3.2/libstdc++.dll.a(d001950.o)
 .idata$6       0x004052f0       0x18 /usr/lib/gcc/i686-pc-cygwin/4.3.2/libstdc++.dll.a(d002316.o)
 .idata$6       0x00405308       0x14 /usr/lib/w32api/libkernel32.a(dyuhs00337.o)
 .idata$6       0x0040531c       0x12 /usr/lib/w32api/libkernel32.a(dyuhs00364.o)
 SORT(*)(.idata$7)
 *fill*         0x0040532e        0x2 00
 .idata$7       0x00405330        0x4 /usr/lib/gcc/i686-pc-cygwin/4.3.2/../../../libcygwin.a(d000054.o)
 .idata$7       0x00405334        0x4 /usr/lib/gcc/i686-pc-cygwin/4.3.2/../../../libcygwin.a(d000327.o)
 .idata$7       0x00405338        0x4 /usr/lib/gcc/i686-pc-cygwin/4.3.2/../../../libcygwin.a(d000696.o)
 .idata$7       0x0040533c        0x4 /usr/lib/gcc/i686-pc-cygwin/4.3.2/../../../libcygwin.a(d000752.o)
 .idata$7       0x00405340        0x4 /usr/lib/gcc/i686-pc-cygwin/4.3.2/../../../libcygwin.a(d000772.o)
 .idata$7       0x00405344        0x4 /usr/lib/gcc/i686-pc-cygwin/4.3.2/../../../libcygwin.a(d000870.o)
 .idata$7       0x00405348        0x4 /usr/lib/gcc/i686-pc-cygwin/4.3.2/../../../libcygwin.a(d001100.o)
 .idata$7       0x0040534c        0x4 /usr/lib/gcc/i686-pc-cygwin/4.3.2/../../../libcygwin.a(d001281.o)
 .idata$7       0x00405350        0xc /usr/lib/gcc/i686-pc-cygwin/4.3.2/../../../libcygwin.a(d001625.o)
                0x00405350                _cygwin1_dll_iname
 .idata$7       0x0040535c        0x4 /usr/lib/gcc/i686-pc-cygwin/4.3.2/libgcc_s.dll.a(d000035.o)
 .idata$7       0x00405360        0x4 /usr/lib/gcc/i686-pc-cygwin/4.3.2/libgcc_s.dll.a(d000091.o)
 .idata$7       0x00405364       0x10 /usr/lib/gcc/i686-pc-cygwin/4.3.2/libgcc_s.dll.a(d000104.o)
                0x00405364                _cyggcc_s_1_dll_iname
 .idata$7       0x00405374        0x4 /usr/lib/gcc/i686-pc-cygwin/4.3.2/libstdc++.dll.a(d000745.o)
 .idata$7       0x00405378        0x4 /usr/lib/gcc/i686-pc-cygwin/4.3.2/libstdc++.dll.a(d001743.o)
 .idata$7       0x0040537c        0x4 /usr/lib/gcc/i686-pc-cygwin/4.3.2/libstdc++.dll.a(d001745.o)
 .idata$7       0x00405380        0x4 /usr/lib/gcc/i686-pc-cygwin/4.3.2/libstdc++.dll.a(d001913.o)
 .idata$7       0x00405384        0x4 /usr/lib/gcc/i686-pc-cygwin/4.3.2/libstdc++.dll.a(d001914.o)
 .idata$7       0x00405388        0x4 /usr/lib/gcc/i686-pc-cygwin/4.3.2/libstdc++.dll.a(d001950.o)
 .idata$7       0x0040538c        0x4 /usr/lib/gcc/i686-pc-cygwin/4.3.2/libstdc++.dll.a(d002316.o)
 .idata$7       0x00405390       0x10 /usr/lib/gcc/i686-pc-cygwin/4.3.2/libstdc++.dll.a(d002342.o)
                0x00405390                _cygstdc___6_dll_iname
 .idata$7       0x004053a0        0x4 /usr/lib/w32api/libkernel32.a(dyuhs00337.o)
 .idata$7       0x004053a4        0x4 /usr/lib/w32api/libkernel32.a(dyuhs00364.o)
 .idata$7       0x004053a8       0x10 /usr/lib/w32api/libkernel32.a(dyuht.o)
                0x004053a8                __libkernel32_a_iname

.CRT            0x00406000        0x0
                0x00406000                ___crt_xc_start__ = .
 *(SORT(.CRT$XC*))
                0x00406000                ___crt_xc_end__ = .
                0x00406000                ___crt_xi_start__ = .
 *(SORT(.CRT$XI*))
                0x00406000                ___crt_xi_end__ = .
                0x00406000                ___crt_xl_start__ = .
 *(SORT(.CRT$XL*))
                0x00406000                ___crt_xp_start__ = .
 *(SORT(.CRT$XP*))
                0x00406000                ___crt_xp_end__ = .
                0x00406000                ___crt_xt_start__ = .
 *(SORT(.CRT$XT*))
                0x00406000                ___crt_xt_end__ = .

.tls            0x00406000        0x0
                0x00406000                ___tls_start__ = .
 *(.tls)
 *(.tls$)
 *(SORT(.tls$*))
                0x00406000                ___tls_end__ = .

.endjunk        0x00406000        0x0
                0x00406000                PROVIDE (end, .)
                0x00406000                PROVIDE (_end, .)
                0x00406000                __end__ = .

.rsrc
 *(.rsrc)
 *(SORT(.rsrc$*))

.reloc
 *(.reloc)

.stab
 *(.stab)

.stabstr
 *(.stabstr)

.debug_aranges
 *(.debug_aranges)

.debug_pubnames
                0x00406000      0x200
 *(.debug_pubnames)
 .debug_pubnames
                0x00406000       0x36 /usr/lib/gcc/i686-pc-cygwin/4.3.2/libgcc_s.dll.a(_ctors.o)

.debug_info     0x00407000      0x400
 *(.debug_info)
 .debug_info    0x00407000      0x225 /usr/lib/gcc/i686-pc-cygwin/4.3.2/libgcc_s.dll.a(_ctors.o)
 *(.gnu.linkonce.wi.*)

.debug_abbrev   0x00408000      0x200
 *(.debug_abbrev)
 .debug_abbrev  0x00408000       0x68 /usr/lib/gcc/i686-pc-cygwin/4.3.2/libgcc_s.dll.a(_ctors.o)

.debug_line     0x00409000      0x200
 *(.debug_line)
 .debug_line    0x00409000       0x73 /usr/lib/gcc/i686-pc-cygwin/4.3.2/libgcc_s.dll.a(_ctors.o)

.debug_frame
 *(.debug_frame)

.debug_str
 *(.debug_str)

.debug_loc
 *(.debug_loc)

.debug_macinfo
 *(.debug_macinfo)

.debug_weaknames
 *(.debug_weaknames)

.debug_funcnames
 *(.debug_funcnames)

.debug_typenames
 *(.debug_typenames)

.debug_varnames
 *(.debug_varnames)

.debug_ranges
 *(.debug_ranges)
OUTPUT(example.exe pei-i386)
LOAD nmth000000.o
LOAD fu000001.o
LOAD fu000002.o
LOAD fu000003.o
