Archive member included because of file (symbol)

/usr/lib/gcc/i686-pc-cygwin/4.3.2/libstdc++.dll.a(d001913.o)
                              (__imp___ZSt4cout)
/usr/lib/gcc/i686-pc-cygwin/4.3.2/libstdc++.dll.a(d002316.o)
                              obj/main.o (___gxx_personality_v0)
/usr/lib/gcc/i686-pc-cygwin/4.3.2/libstdc++.dll.a(d001743.o)
                              obj/main.o (__ZNSt8ios_base4InitC1Ev)
/usr/lib/gcc/i686-pc-cygwin/4.3.2/libstdc++.dll.a(d001950.o)
                              obj/main.o (__ZStlsISt11char_traitsIcEERSt13basic_ostreamIcT_ES5_PKc)
/usr/lib/gcc/i686-pc-cygwin/4.3.2/libstdc++.dll.a(d000745.o)
                              obj/main.o (__ZNSolsEPFRSoS_E)
/usr/lib/gcc/i686-pc-cygwin/4.3.2/libstdc++.dll.a(d001953.o)
                              obj/main.o (__ZStlsISt11char_traitsIcEERSt13basic_ostreamIcT_ES5_c)
/usr/lib/gcc/i686-pc-cygwin/4.3.2/libstdc++.dll.a(d000754.o)
                              obj/main.o (__ZNSolsEi)
/usr/lib/gcc/i686-pc-cygwin/4.3.2/libstdc++.dll.a(d000753.o)
                              obj/main.o (__ZNSolsEf)
/usr/lib/gcc/i686-pc-cygwin/4.3.2/libstdc++.dll.a(d001745.o)
                              obj/main.o (__ZNSt8ios_base4InitD1Ev)
/usr/lib/gcc/i686-pc-cygwin/4.3.2/libstdc++.dll.a(d001914.o)
                              obj/main.o (__ZSt4endlIcSt11char_traitsIcEERSt13basic_ostreamIT_T0_ES6_)
/usr/lib/gcc/i686-pc-cygwin/4.3.2/libstdc++.dll.a(d000000.o)
                              /usr/lib/gcc/i686-pc-cygwin/4.3.2/libstdc++.dll.a(d001913.o) (__head_cygstdc___6_dll)
/usr/lib/gcc/i686-pc-cygwin/4.3.2/libstdc++.dll.a(d002342.o)
                              /usr/lib/gcc/i686-pc-cygwin/4.3.2/libstdc++.dll.a(d000000.o) (_cygstdc___6_dll_iname)
/usr/lib/gcc/i686-pc-cygwin/4.3.2/libgcc_s.dll.a(d000035.o)
                              (___deregister_frame_info)
/usr/lib/gcc/i686-pc-cygwin/4.3.2/libgcc_s.dll.a(d000091.o)
                              (___register_frame_info)
/usr/lib/gcc/i686-pc-cygwin/4.3.2/libgcc_s.dll.a(d000000.o)
                              /usr/lib/gcc/i686-pc-cygwin/4.3.2/libgcc_s.dll.a(d000035.o) (__head_cyggcc_s_1_dll)
/usr/lib/gcc/i686-pc-cygwin/4.3.2/libgcc_s.dll.a(d000104.o)
                              /usr/lib/gcc/i686-pc-cygwin/4.3.2/libgcc_s.dll.a(d000000.o) (_cyggcc_s_1_dll_iname)
/usr/lib/gcc/i686-pc-cygwin/4.3.2/../../../libcygwin.a(cygwin_crt0.o)
                              /usr/lib/gcc/i686-pc-cygwin/4.3.2/../../../crt0.o (_cygwin_crt0)
/usr/lib/gcc/i686-pc-cygwin/4.3.2/../../../libcygwin.a(d000054.o)
                              obj/main.o (___main)
/usr/lib/gcc/i686-pc-cygwin/4.3.2/../../../libcygwin.a(_cygwin_crt0_common.o)
                              /usr/lib/gcc/i686-pc-cygwin/4.3.2/../../../libcygwin.a(cygwin_crt0.o) (__cygwin_crt0_common@8)
/usr/lib/gcc/i686-pc-cygwin/4.3.2/../../../libcygwin.a(d000772.o)
                              /usr/lib/gcc/i686-pc-cygwin/4.3.2/../../../libcygwin.a(cygwin_crt0.o) (__imp__dll_crt0__FP11per_process)
/usr/lib/gcc/i686-pc-cygwin/4.3.2/../../../libcygwin.a(d000000.o)
                              /usr/lib/gcc/i686-pc-cygwin/4.3.2/../../../libcygwin.a(d000054.o) (__head_cygwin1_dll)
/usr/lib/gcc/i686-pc-cygwin/4.3.2/../../../libcygwin.a(d000327.o)
                              /usr/lib/gcc/i686-pc-cygwin/4.3.2/../../../libcygwin.a(_cygwin_crt0_common.o) (__imp___impure_ptr)
/usr/lib/gcc/i686-pc-cygwin/4.3.2/../../../libcygwin.a(pseudo-reloc.o)
                              /usr/lib/gcc/i686-pc-cygwin/4.3.2/../../../libcygwin.a(_cygwin_crt0_common.o) (__pei386_runtime_relocator)
/usr/lib/gcc/i686-pc-cygwin/4.3.2/../../../libcygwin.a(d000696.o)
                              /usr/lib/gcc/i686-pc-cygwin/4.3.2/../../../libcygwin.a(_cygwin_crt0_common.o) (_calloc)
/usr/lib/gcc/i686-pc-cygwin/4.3.2/../../../libcygwin.a(d001281.o)
                              /usr/lib/gcc/i686-pc-cygwin/4.3.2/../../../libcygwin.a(_cygwin_crt0_common.o) (_realloc)
/usr/lib/gcc/i686-pc-cygwin/4.3.2/../../../libcygwin.a(d000870.o)
                              /usr/lib/gcc/i686-pc-cygwin/4.3.2/../../../libcygwin.a(_cygwin_crt0_common.o) (_free)
/usr/lib/gcc/i686-pc-cygwin/4.3.2/../../../libcygwin.a(d001100.o)
                              /usr/lib/gcc/i686-pc-cygwin/4.3.2/../../../libcygwin.a(_cygwin_crt0_common.o) (_malloc)
/usr/lib/gcc/i686-pc-cygwin/4.3.2/../../../libcygwin.a(premain3.o)
                              /usr/lib/gcc/i686-pc-cygwin/4.3.2/../../../libcygwin.a(_cygwin_crt0_common.o) (_cygwin_premain3)
/usr/lib/gcc/i686-pc-cygwin/4.3.2/../../../libcygwin.a(premain2.o)
                              /usr/lib/gcc/i686-pc-cygwin/4.3.2/../../../libcygwin.a(_cygwin_crt0_common.o) (_cygwin_premain2)
/usr/lib/gcc/i686-pc-cygwin/4.3.2/../../../libcygwin.a(premain1.o)
                              /usr/lib/gcc/i686-pc-cygwin/4.3.2/../../../libcygwin.a(_cygwin_crt0_common.o) (_cygwin_premain1)
/usr/lib/gcc/i686-pc-cygwin/4.3.2/../../../libcygwin.a(premain0.o)
                              /usr/lib/gcc/i686-pc-cygwin/4.3.2/../../../libcygwin.a(_cygwin_crt0_common.o) (_cygwin_premain0)
/usr/lib/gcc/i686-pc-cygwin/4.3.2/../../../libcygwin.a(d000752.o)
                              /usr/lib/gcc/i686-pc-cygwin/4.3.2/../../../libcygwin.a(_cygwin_crt0_common.o) (_cygwin_internal)
/usr/lib/gcc/i686-pc-cygwin/4.3.2/../../../libcygwin.a(d001625.o)
                              /usr/lib/gcc/i686-pc-cygwin/4.3.2/../../../libcygwin.a(d000000.o) (_cygwin1_dll_iname)
/usr/lib/w32api/libkernel32.a(dyuhs00337.o)
                              /usr/lib/gcc/i686-pc-cygwin/4.3.2/crtbegin.o (_GetModuleHandleA@4)
/usr/lib/w32api/libkernel32.a(dyuhs00364.o)
                              /usr/lib/gcc/i686-pc-cygwin/4.3.2/crtbegin.o (_GetProcAddress@8)
/usr/lib/w32api/libkernel32.a(dyuhh.o)
                              /usr/lib/w32api/libkernel32.a(dyuhs00337.o) (__head_libkernel32_a)
/usr/lib/w32api/libkernel32.a(dyuht.o)
                              /usr/lib/w32api/libkernel32.a(dyuhh.o) (__libkernel32_a_iname)
/usr/lib/gcc/i686-pc-cygwin/4.3.2/libgcc_s.dll.a(_ctors.o)
                              /usr/lib/gcc/i686-pc-cygwin/4.3.2/../../../libcygwin.a(_cygwin_crt0_common.o) (___CTOR_LIST__)

Allocating common symbols
Common symbol       size              file

__DTOR_LIST__       0x10              /usr/lib/gcc/i686-pc-cygwin/4.3.2/libgcc_s.dll.a(_ctors.o)
__CTOR_LIST__       0x10              /usr/lib/gcc/i686-pc-cygwin/4.3.2/libgcc_s.dll.a(_ctors.o)

Discarded input sections

 .text          0x00000000        0x0 /usr/lib/gcc/i686-pc-cygwin/4.3.2/../../../libcygwin.a(d000772.o)

Memory Configuration

Name             Origin             Length             Attributes
*default*        0x00000000         0xffffffff

Linker script and memory map

                0x00400000                __image_base__ = 0x400000
                0x00000000                __dll__ = 0x0
                0x00400000                ___ImageBase = 0x400000
                0x00001000                __section_alignment__ = 0x1000
                0x00000200                __file_alignment__ = 0x200
                0x00000004                __major_os_version__ = 0x4
                0x00000000                __minor_os_version__ = 0x0
                0x00000001                __major_image_version__ = 0x1
                0x00000000                __minor_image_version__ = 0x0
                0x00000004                __major_subsystem_version__ = 0x4
                0x00000000                __minor_subsystem_version__ = 0x0
                0x00000003                __subsystem__ = 0x3
                0x00200000                __size_of_stack_reserve__ = 0x200000
                0x00001000                __size_of_stack_commit__ = 0x1000
                0x00100000                __size_of_heap_reserve__ = 0x100000
                0x00001000                __size_of_heap_commit__ = 0x1000
                0x00000000                __loader_flags__ = 0x0
LOAD /usr/lib/gcc/i686-pc-cygwin/4.3.2/../../../crt0.o
LOAD /usr/lib/gcc/i686-pc-cygwin/4.3.2/crtbegin.o
LOAD obj/main.o
LOAD /usr/lib/gcc/i686-pc-cygwin/4.3.2/../../../libm.a
LOAD /usr/lib/gcc/i686-pc-cygwin/4.3.2/libstdc++.dll.a
LOAD /usr/lib/gcc/i686-pc-cygwin/4.3.2/libgcc_s.dll.a
LOAD /usr/lib/gcc/i686-pc-cygwin/4.3.2/libgcc_s.dll.a
LOAD /usr/lib/gcc/i686-pc-cygwin/4.3.2/libgcc.a
LOAD /usr/lib/gcc/i686-pc-cygwin/4.3.2/../../../libcygwin.a
LOAD /usr/lib/w32api/libuser32.a
LOAD /usr/lib/w32api/libkernel32.a
LOAD /usr/lib/w32api/libadvapi32.a
LOAD /usr/lib/w32api/libshell32.a
LOAD /usr/lib/gcc/i686-pc-cygwin/4.3.2/libgcc_s.dll.a
LOAD /usr/lib/gcc/i686-pc-cygwin/4.3.2/libgcc_s.dll.a
LOAD /usr/lib/gcc/i686-pc-cygwin/4.3.2/libgcc.a
LOAD /usr/lib/gcc/i686-pc-cygwin/4.3.2/crtend.o
                0x000002e0                . = SIZEOF_HEADERS
                0x00001000                . = ALIGN (__section_alignment__)

.text           0x00401000      0xa00
 *(.init)
 *(.text)
 .text          0x00401000       0x50 /usr/lib/gcc/i686-pc-cygwin/4.3.2/../../../crt0.o
                0x00401000                _WinMainCRTStartup
                0x00401000                _mainCRTStartup
 .text          0x00401050       0xb0 /usr/lib/gcc/i686-pc-cygwin/4.3.2/crtbegin.o
                0x00401050                ___gcc_register_frame
                0x004010b0                ___gcc_deregister_frame
 .text          0x00401100      0x3ac obj/main.o
                0x0040142d                __fu3___ZSt4cout
                0x00401231                __fu0___ZSt4cout
                0x0040136d                __fu2___ZSt4cout
                0x00401176                __ZlsRSoRK8MyStruct
                0x004012c7                __fu1___ZSt4cout
                0x004011db                _main
 .text          0x004014ac        0x0 /usr/lib/gcc/i686-pc-cygwin/4.3.2/libstdc++.dll.a(d001913.o)
 .text          0x004014ac        0x8 /usr/lib/gcc/i686-pc-cygwin/4.3.2/libstdc++.dll.a(d002316.o)
                0x004014ac                ___gxx_personality_v0
 .text          0x004014b4        0x8 /usr/lib/gcc/i686-pc-cygwin/4.3.2/libstdc++.dll.a(d001743.o)
                0x004014b4                __ZNSt8ios_base4InitC1Ev
 .text          0x004014bc        0x8 /usr/lib/gcc/i686-pc-cygwin/4.3.2/libstdc++.dll.a(d001950.o)
                0x004014bc                __ZStlsISt11char_traitsIcEERSt13basic_ostreamIcT_ES5_PKc
 .text          0x004014c4        0x8 /usr/lib/gcc/i686-pc-cygwin/4.3.2/libstdc++.dll.a(d000745.o)
                0x004014c4                __ZNSolsEPFRSoS_E
 .text          0x004014cc        0x8 /usr/lib/gcc/i686-pc-cygwin/4.3.2/libstdc++.dll.a(d001953.o)
                0x004014cc                __ZStlsISt11char_traitsIcEERSt13basic_ostreamIcT_ES5_c
 .text          0x004014d4        0x8 /usr/lib/gcc/i686-pc-cygwin/4.3.2/libstdc++.dll.a(d000754.o)
                0x004014d4                __ZNSolsEi
 .text          0x004014dc        0x8 /usr/lib/gcc/i686-pc-cygwin/4.3.2/libstdc++.dll.a(d000753.o)
                0x004014dc                __ZNSolsEf
 .text          0x004014e4        0x8 /usr/lib/gcc/i686-pc-cygwin/4.3.2/libstdc++.dll.a(d001745.o)
                0x004014e4                __ZNSt8ios_base4InitD1Ev
 .text          0x004014ec        0x8 /usr/lib/gcc/i686-pc-cygwin/4.3.2/libstdc++.dll.a(d001914.o)
                0x004014ec                __ZSt4endlIcSt11char_traitsIcEERSt13basic_ostreamIT_T0_ES6_
 .text          0x004014f4        0x8 /usr/lib/gcc/i686-pc-cygwin/4.3.2/libgcc_s.dll.a(d000035.o)
                0x004014f4                ___deregister_frame_info
 .text          0x004014fc        0x8 /usr/lib/gcc/i686-pc-cygwin/4.3.2/libgcc_s.dll.a(d000091.o)
                0x004014fc                ___register_frame_info
 .text          0x00401504       0x60 /usr/lib/gcc/i686-pc-cygwin/4.3.2/../../../libcygwin.a(cygwin_crt0.o)
                0x00401504                _cygwin_crt0
 .text          0x00401564       0x10 /usr/lib/gcc/i686-pc-cygwin/4.3.2/../../../libcygwin.a(d000054.o)
                0x00401564                ___main
 .text          0x00401574      0x150 /usr/lib/gcc/i686-pc-cygwin/4.3.2/../../../libcygwin.a(_cygwin_crt0_common.o)
                0x00401574                __cygwin_crt0_common@8
 .text          0x004016c4        0x0 /usr/lib/gcc/i686-pc-cygwin/4.3.2/../../../libcygwin.a(d000327.o)
 .text          0x004016c4       0x60 /usr/lib/gcc/i686-pc-cygwin/4.3.2/../../../libcygwin.a(pseudo-reloc.o)
                0x004016f4                __pei386_runtime_relocator
                0x004016c4                _do_pseudo_reloc
 .text          0x00401724       0x10 /usr/lib/gcc/i686-pc-cygwin/4.3.2/../../../libcygwin.a(d000696.o)
                0x00401724                _calloc
 .text          0x00401734       0x10 /usr/lib/gcc/i686-pc-cygwin/4.3.2/../../../libcygwin.a(d001281.o)
                0x00401734                _realloc
 .text          0x00401744       0x10 /usr/lib/gcc/i686-pc-cygwin/4.3.2/../../../libcygwin.a(d000870.o)
                0x00401744                _free
 .text          0x00401754       0x10 /usr/lib/gcc/i686-pc-cygwin/4.3.2/../../../libcygwin.a(d001100.o)
                0x00401754                _malloc
 .text          0x00401764       0x10 /usr/lib/gcc/i686-pc-cygwin/4.3.2/../../../libcygwin.a(premain3.o)
                0x00401764                _cygwin_premain3
 .text          0x00401774       0x10 /usr/lib/gcc/i686-pc-cygwin/4.3.2/../../../libcygwin.a(premain2.o)
                0x00401774                _cygwin_premain2
 .text          0x00401784       0x10 /usr/lib/gcc/i686-pc-cygwin/4.3.2/../../../libcygwin.a(premain1.o)
                0x00401784                _cygwin_premain1
 .text          0x00401794       0x10 /usr/lib/gcc/i686-pc-cygwin/4.3.2/../../../libcygwin.a(premain0.o)
                0x00401794                _cygwin_premain0
 .text          0x004017a4       0x10 /usr/lib/gcc/i686-pc-cygwin/4.3.2/../../../libcygwin.a(d000752.o)
                0x004017a4                _cygwin_internal
 .text          0x004017b4        0x8 /usr/lib/w32api/libkernel32.a(dyuhs00337.o)
                0x004017b4                _GetModuleHandleA@4
 .text          0x004017bc        0x8 /usr/lib/w32api/libkernel32.a(dyuhs00364.o)
                0x004017bc                _GetProcAddress@8
 .text          0x004017c4        0x0 /usr/lib/w32api/libkernel32.a(dyuhh.o)
 .text          0x004017c4        0x0 /usr/lib/w32api/libkernel32.a(dyuht.o)
 .text          0x004017c4        0x0 /usr/lib/gcc/i686-pc-cygwin/4.3.2/libgcc_s.dll.a(_ctors.o)
 *fill*         0x004017c4        0xc 00
 .text          0x004017d0       0x20 /usr/lib/gcc/i686-pc-cygwin/4.3.2/crtend.o
 *(SORT(.text$*))
 .text$_Z7MaximumI8MyStructERKT_S3_S3_
                0x004017f0       0x30 obj/main.o
                0x004017f0                __Z7MaximumI8MyStructERKT_S3_S3_
 .text$_Z7MaximumIcERKT_S2_S2_
                0x00401820       0x2c obj/main.o
                0x00401820                __Z7MaximumIcERKT_S2_S2_
 .text$_Z7MaximumIfERKT_S2_S2_
                0x0040184c       0x2c obj/main.o
                0x0040184c                __Z7MaximumIfERKT_S2_S2_
 .text$_Z7MaximumIiERKT_S2_S2_
                0x00401878       0x28 obj/main.o
                0x00401878                __Z7MaximumIiERKT_S2_S2_
 .text$_ZN8MyStructC1Eii
                0x004018a0       0x18 obj/main.o
                0x004018a0                __ZN8MyStructC1Eii
 .text$_ZNK8MyStructltERKS_
                0x004018b8       0x14 obj/main.o
                0x004018b8                __ZNK8MyStructltERKS_
 *(.glue_7t)
 *(.glue_7)
                0x004018cc                ___CTOR_LIST__ = .
                0x004018cc                __CTOR_LIST__ = .
                0x004018cc        0x4 LONG 0xffffffff
 *(.ctors)
 .ctors         0x004018d0        0x4 obj/main.o
 *(.ctor)
 *(SORT(.ctors.*))
 .ctors.65535   0x004018d4        0x4 /usr/lib/gcc/i686-pc-cygwin/4.3.2/crtend.o
                0x004018d8        0x4 LONG 0x0
                0x004018dc                ___DTOR_LIST__ = .
                0x004018dc                __DTOR_LIST__ = .
                0x004018dc        0x4 LONG 0xffffffff
 *(.dtors)
 .dtors         0x004018e0        0x4 obj/main.o
 *(.dtor)
 *(SORT(.dtors.*))
 .dtors.65535   0x004018e4        0x4 /usr/lib/gcc/i686-pc-cygwin/4.3.2/crtend.o
                0x004018e8        0x4 LONG 0x0
 *(.fini)
 *(.gcc_exc)
                0x004018ec                PROVIDE (etext, .)
 *(.gcc_except_table)

.data           0x00402000      0x200
                0x00402000                __data_start__ = .
 *(.data)
 .data          0x00402000        0x0 /usr/lib/gcc/i686-pc-cygwin/4.3.2/../../../crt0.o
 .data          0x00402000        0xc /usr/lib/gcc/i686-pc-cygwin/4.3.2/crtbegin.o
                0x00402004                _deregister_frame_info_ptr
                0x00402008                _jv_registerclasses_ptr
                0x00402000                _register_frame_info_ptr
 .data          0x0040200c        0x0 obj/main.o
 .data          0x0040200c        0x0 /usr/lib/gcc/i686-pc-cygwin/4.3.2/../../../libcygwin.a(cygwin_crt0.o)
 .data          0x0040200c        0x0 /usr/lib/gcc/i686-pc-cygwin/4.3.2/../../../libcygwin.a(_cygwin_crt0_common.o)
 .data          0x0040200c        0x0 /usr/lib/gcc/i686-pc-cygwin/4.3.2/../../../libcygwin.a(pseudo-reloc.o)
 .data          0x0040200c        0x0 /usr/lib/gcc/i686-pc-cygwin/4.3.2/../../../libcygwin.a(premain3.o)
 .data          0x0040200c        0x0 /usr/lib/gcc/i686-pc-cygwin/4.3.2/../../../libcygwin.a(premain2.o)
 .data          0x0040200c        0x0 /usr/lib/gcc/i686-pc-cygwin/4.3.2/../../../libcygwin.a(premain1.o)
 .data          0x0040200c        0x0 /usr/lib/gcc/i686-pc-cygwin/4.3.2/../../../libcygwin.a(premain0.o)
 .data          0x0040200c        0x0 /usr/lib/w32api/libkernel32.a(dyuhs00337.o)
 .data          0x0040200c        0x0 /usr/lib/w32api/libkernel32.a(dyuhs00364.o)
 .data          0x0040200c        0x0 /usr/lib/w32api/libkernel32.a(dyuhh.o)
 .data          0x0040200c        0x0 /usr/lib/w32api/libkernel32.a(dyuht.o)
 .data          0x0040200c        0x0 /usr/lib/gcc/i686-pc-cygwin/4.3.2/libgcc_s.dll.a(_ctors.o)
 .data          0x0040200c        0x0 /usr/lib/gcc/i686-pc-cygwin/4.3.2/crtend.o
 *(.data2)
 *(SORT(.data$*))
 *(.rdata)
 .rdata         0x0040200c       0x40 /usr/lib/gcc/i686-pc-cygwin/4.3.2/crtbegin.o
 .rdata         0x0040204c       0x30 obj/main.o
 *(SORT(.rdata$*))
 *(.jcr)
                0x0040207c                __data_end__ = .
 *(.data_cygwin_nocopy)

.rdata          0x00403000      0x200
 *(.eh_frame)
 .eh_frame      0x00403000        0x0 /usr/lib/gcc/i686-pc-cygwin/4.3.2/crtbegin.o
 .eh_frame      0x00403000       0xbc obj/main.o
 .eh_frame      0x004030bc        0x4 /usr/lib/gcc/i686-pc-cygwin/4.3.2/crtend.o
                0x004030c0                ___RUNTIME_PSEUDO_RELOC_LIST__ = .
                0x004030c0                __RUNTIME_PSEUDO_RELOC_LIST__ = .
 *(.rdata_runtime_pseudo_reloc)
                0x004030c0                ___RUNTIME_PSEUDO_RELOC_LIST_END__ = .
                0x004030c0                __RUNTIME_PSEUDO_RELOC_LIST_END__ = .

.pdata
 *(.pdata)

.bss            0x00404000       0x70
                0x00404000                __bss_start__ = .
 *(.bss)
 .bss           0x00404000       0x10 /usr/lib/gcc/i686-pc-cygwin/4.3.2/../../../crt0.o
                0x00404000                ___cygwin_crt0_bp
 .bss           0x00404010       0x20 /usr/lib/gcc/i686-pc-cygwin/4.3.2/crtbegin.o
 .bss           0x00404030       0x10 obj/main.o
 .bss           0x00404040        0x0 /usr/lib/gcc/i686-pc-cygwin/4.3.2/../../../libcygwin.a(cygwin_crt0.o)
 .bss           0x00404040       0x10 /usr/lib/gcc/i686-pc-cygwin/4.3.2/../../../libcygwin.a(_cygwin_crt0_common.o)
                0x00404044                _environ
                0x00404040                __fmode
 .bss           0x00404050        0x0 /usr/lib/gcc/i686-pc-cygwin/4.3.2/../../../libcygwin.a(pseudo-reloc.o)
 .bss           0x00404050        0x0 /usr/lib/gcc/i686-pc-cygwin/4.3.2/../../../libcygwin.a(premain3.o)
 .bss           0x00404050        0x0 /usr/lib/gcc/i686-pc-cygwin/4.3.2/../../../libcygwin.a(premain2.o)
 .bss           0x00404050        0x0 /usr/lib/gcc/i686-pc-cygwin/4.3.2/../../../libcygwin.a(premain1.o)
 .bss           0x00404050        0x0 /usr/lib/gcc/i686-pc-cygwin/4.3.2/../../../libcygwin.a(premain0.o)
 .bss           0x00404050        0x0 /usr/lib/w32api/libkernel32.a(dyuhs00337.o)
 .bss           0x00404050        0x0 /usr/lib/w32api/libkernel32.a(dyuhs00364.o)
 .bss           0x00404050        0x0 /usr/lib/w32api/libkernel32.a(dyuhh.o)
 .bss           0x00404050        0x0 /usr/lib/w32api/libkernel32.a(dyuht.o)
 .bss           0x00404050        0x0 /usr/lib/gcc/i686-pc-cygwin/4.3.2/libgcc_s.dll.a(_ctors.o)
 .bss           0x00404050        0x0 /usr/lib/gcc/i686-pc-cygwin/4.3.2/crtend.o
 *(COMMON)
 COMMON         0x00404050       0x20 /usr/lib/gcc/i686-pc-cygwin/4.3.2/libgcc_s.dll.a(_ctors.o)
                0x00404070                __bss_end__ = .

.edata
 *(.edata)

/DISCARD/
 *(.debug$S)
 *(.debug$T)
 *(.debug$F)
 *(.drectve)

.idata          0x00405000      0x600
 SORT(*)(.idata$2)
 .idata$2       0x00405000       0x14 /usr/lib/gcc/i686-pc-cygwin/4.3.2/../../../libcygwin.a(d000000.o)
                0x00405000                __head_cygwin1_dll
 .idata$2       0x00405014       0x14 /usr/lib/gcc/i686-pc-cygwin/4.3.2/libgcc_s.dll.a(d000000.o)
                0x00405014                __head_cyggcc_s_1_dll
 .idata$2       0x00405028       0x14 /usr/lib/gcc/i686-pc-cygwin/4.3.2/libstdc++.dll.a(d000000.o)
                0x00405028                __head_cygstdc___6_dll
 .idata$2       0x0040503c       0x14 /usr/lib/w32api/libkernel32.a(dyuhh.o)
                0x0040503c                __head_libkernel32_a
 .idata$2       0x00405050       0x14 fu000001.o
 .idata$2       0x00405064       0x14 fu000002.o
 .idata$2       0x00405078       0x14 fu000003.o
 .idata$2       0x0040508c       0x14 fu000004.o
 SORT(*)(.idata$3)
                0x004050a0        0x4 LONG 0x0
                0x004050a4        0x4 LONG 0x0
                0x004050a8        0x4 LONG 0x0
                0x004050ac        0x4 LONG 0x0
                0x004050b0        0x4 LONG 0x0
 SORT(*)(.idata$4)
 .idata$4       0x004050b4        0x4 /usr/lib/gcc/i686-pc-cygwin/4.3.2/../../../libcygwin.a(d000000.o)
 .idata$4       0x004050b8        0x4 /usr/lib/gcc/i686-pc-cygwin/4.3.2/../../../libcygwin.a(d000054.o)
 .idata$4       0x004050bc        0x4 /usr/lib/gcc/i686-pc-cygwin/4.3.2/../../../libcygwin.a(d000327.o)
 .idata$4       0x004050c0        0x4 /usr/lib/gcc/i686-pc-cygwin/4.3.2/../../../libcygwin.a(d000696.o)
 .idata$4       0x004050c4        0x4 /usr/lib/gcc/i686-pc-cygwin/4.3.2/../../../libcygwin.a(d000752.o)
 .idata$4       0x004050c8        0x4 /usr/lib/gcc/i686-pc-cygwin/4.3.2/../../../libcygwin.a(d000772.o)
 .idata$4       0x004050cc        0x4 /usr/lib/gcc/i686-pc-cygwin/4.3.2/../../../libcygwin.a(d000870.o)
 .idata$4       0x004050d0        0x4 /usr/lib/gcc/i686-pc-cygwin/4.3.2/../../../libcygwin.a(d001100.o)
 .idata$4       0x004050d4        0x4 /usr/lib/gcc/i686-pc-cygwin/4.3.2/../../../libcygwin.a(d001281.o)
 .idata$4       0x004050d8        0x4 /usr/lib/gcc/i686-pc-cygwin/4.3.2/../../../libcygwin.a(d001625.o)
 .idata$4       0x004050dc        0x0 /usr/lib/gcc/i686-pc-cygwin/4.3.2/libgcc_s.dll.a(d000000.o)
 .idata$4       0x004050dc        0x4 /usr/lib/gcc/i686-pc-cygwin/4.3.2/libgcc_s.dll.a(d000035.o)
 .idata$4       0x004050e0        0x4 /usr/lib/gcc/i686-pc-cygwin/4.3.2/libgcc_s.dll.a(d000091.o)
 .idata$4       0x004050e4        0x4 /usr/lib/gcc/i686-pc-cygwin/4.3.2/libgcc_s.dll.a(d000104.o)
 .idata$4       0x004050e8        0x0 /usr/lib/gcc/i686-pc-cygwin/4.3.2/libstdc++.dll.a(d000000.o)
 .idata$4       0x004050e8        0x4 /usr/lib/gcc/i686-pc-cygwin/4.3.2/libstdc++.dll.a(d000745.o)
 .idata$4       0x004050ec        0x4 /usr/lib/gcc/i686-pc-cygwin/4.3.2/libstdc++.dll.a(d000753.o)
 .idata$4       0x004050f0        0x4 /usr/lib/gcc/i686-pc-cygwin/4.3.2/libstdc++.dll.a(d000754.o)
 .idata$4       0x004050f4        0x4 /usr/lib/gcc/i686-pc-cygwin/4.3.2/libstdc++.dll.a(d001743.o)
 .idata$4       0x004050f8        0x4 /usr/lib/gcc/i686-pc-cygwin/4.3.2/libstdc++.dll.a(d001745.o)
 .idata$4       0x004050fc        0x4 /usr/lib/gcc/i686-pc-cygwin/4.3.2/libstdc++.dll.a(d001913.o)
 .idata$4       0x00405100        0x4 /usr/lib/gcc/i686-pc-cygwin/4.3.2/libstdc++.dll.a(d001914.o)
 .idata$4       0x00405104        0x4 /usr/lib/gcc/i686-pc-cygwin/4.3.2/libstdc++.dll.a(d001950.o)
 .idata$4       0x00405108        0x4 /usr/lib/gcc/i686-pc-cygwin/4.3.2/libstdc++.dll.a(d001953.o)
 .idata$4       0x0040510c        0x4 /usr/lib/gcc/i686-pc-cygwin/4.3.2/libstdc++.dll.a(d002316.o)
 .idata$4       0x00405110        0x4 /usr/lib/gcc/i686-pc-cygwin/4.3.2/libstdc++.dll.a(d002342.o)
 .idata$4       0x00405114        0x4 /usr/lib/w32api/libkernel32.a(dyuhh.o)
 .idata$4       0x00405118        0x4 /usr/lib/w32api/libkernel32.a(dyuhs00337.o)
 .idata$4       0x0040511c        0x4 /usr/lib/w32api/libkernel32.a(dyuhs00364.o)
 .idata$4       0x00405120        0x4 /usr/lib/w32api/libkernel32.a(dyuht.o)
 .idata$4       0x00405124        0x8 nmth000000.o
                0x00405124                __nm_thnk___ZSt4cout
 SORT(*)(.idata$5)
 .idata$5       0x0040512c        0x4 /usr/lib/gcc/i686-pc-cygwin/4.3.2/../../../libcygwin.a(d000000.o)
 .idata$5       0x00405130        0x4 /usr/lib/gcc/i686-pc-cygwin/4.3.2/../../../libcygwin.a(d000054.o)
                0x00405130                __imp____main
 .idata$5       0x00405134        0x4 /usr/lib/gcc/i686-pc-cygwin/4.3.2/../../../libcygwin.a(d000327.o)
                0x00405134                __imp___impure_ptr
 .idata$5       0x00405138        0x4 /usr/lib/gcc/i686-pc-cygwin/4.3.2/../../../libcygwin.a(d000696.o)
                0x00405138                __imp__calloc
 .idata$5       0x0040513c        0x4 /usr/lib/gcc/i686-pc-cygwin/4.3.2/../../../libcygwin.a(d000752.o)
                0x0040513c                __imp__cygwin_internal
 .idata$5       0x00405140        0x4 /usr/lib/gcc/i686-pc-cygwin/4.3.2/../../../libcygwin.a(d000772.o)
                0x00405140                __imp__dll_crt0__FP11per_process
 .idata$5       0x00405144        0x4 /usr/lib/gcc/i686-pc-cygwin/4.3.2/../../../libcygwin.a(d000870.o)
                0x00405144                __imp__free
 .idata$5       0x00405148        0x4 /usr/lib/gcc/i686-pc-cygwin/4.3.2/../../../libcygwin.a(d001100.o)
                0x00405148                __imp__malloc
 .idata$5       0x0040514c        0x4 /usr/lib/gcc/i686-pc-cygwin/4.3.2/../../../libcygwin.a(d001281.o)
                0x0040514c                __imp__realloc
 .idata$5       0x00405150        0x4 /usr/lib/gcc/i686-pc-cygwin/4.3.2/../../../libcygwin.a(d001625.o)
 .idata$5       0x00405154        0x0 /usr/lib/gcc/i686-pc-cygwin/4.3.2/libgcc_s.dll.a(d000000.o)
 .idata$5       0x00405154        0x4 /usr/lib/gcc/i686-pc-cygwin/4.3.2/libgcc_s.dll.a(d000035.o)
                0x00405154                __imp____deregister_frame_info
 .idata$5       0x00405158        0x4 /usr/lib/gcc/i686-pc-cygwin/4.3.2/libgcc_s.dll.a(d000091.o)
                0x00405158                __imp____register_frame_info
 .idata$5       0x0040515c        0x4 /usr/lib/gcc/i686-pc-cygwin/4.3.2/libgcc_s.dll.a(d000104.o)
 .idata$5       0x00405160        0x0 /usr/lib/gcc/i686-pc-cygwin/4.3.2/libstdc++.dll.a(d000000.o)
 .idata$5       0x00405160        0x4 /usr/lib/gcc/i686-pc-cygwin/4.3.2/libstdc++.dll.a(d000745.o)
                0x00405160                __imp___ZNSolsEPFRSoS_E
 .idata$5       0x00405164        0x4 /usr/lib/gcc/i686-pc-cygwin/4.3.2/libstdc++.dll.a(d000753.o)
                0x00405164                __imp___ZNSolsEf
 .idata$5       0x00405168        0x4 /usr/lib/gcc/i686-pc-cygwin/4.3.2/libstdc++.dll.a(d000754.o)
                0x00405168                __imp___ZNSolsEi
 .idata$5       0x0040516c        0x4 /usr/lib/gcc/i686-pc-cygwin/4.3.2/libstdc++.dll.a(d001743.o)
                0x0040516c                __imp___ZNSt8ios_base4InitC1Ev
 .idata$5       0x00405170        0x4 /usr/lib/gcc/i686-pc-cygwin/4.3.2/libstdc++.dll.a(d001745.o)
                0x00405170                __imp___ZNSt8ios_base4InitD1Ev
 .idata$5       0x00405174        0x4 /usr/lib/gcc/i686-pc-cygwin/4.3.2/libstdc++.dll.a(d001913.o)
                0x00405174                __imp___ZSt4cout
                0x00405174                __imp___ZSt4cout
 .idata$5       0x00405178        0x4 /usr/lib/gcc/i686-pc-cygwin/4.3.2/libstdc++.dll.a(d001914.o)
                0x00405178                __imp___ZSt4endlIcSt11char_traitsIcEERSt13basic_ostreamIT_T0_ES6_
 .idata$5       0x0040517c        0x4 /usr/lib/gcc/i686-pc-cygwin/4.3.2/libstdc++.dll.a(d001950.o)
                0x0040517c                __imp___ZStlsISt11char_traitsIcEERSt13basic_ostreamIcT_ES5_PKc
 .idata$5       0x00405180        0x4 /usr/lib/gcc/i686-pc-cygwin/4.3.2/libstdc++.dll.a(d001953.o)
                0x00405180                __imp___ZStlsISt11char_traitsIcEERSt13basic_ostreamIcT_ES5_c
 .idata$5       0x00405184        0x4 /usr/lib/gcc/i686-pc-cygwin/4.3.2/libstdc++.dll.a(d002316.o)
                0x00405184                __imp____gxx_personality_v0
 .idata$5       0x00405188        0x4 /usr/lib/gcc/i686-pc-cygwin/4.3.2/libstdc++.dll.a(d002342.o)
 .idata$5       0x0040518c        0x4 /usr/lib/w32api/libkernel32.a(dyuhh.o)
 .idata$5       0x00405190        0x4 /usr/lib/w32api/libkernel32.a(dyuhs00337.o)
                0x00405190                __imp__GetModuleHandleA@4
 .idata$5       0x00405194        0x4 /usr/lib/w32api/libkernel32.a(dyuhs00364.o)
                0x00405194                __imp__GetProcAddress@8
 .idata$5       0x00405198        0x4 /usr/lib/w32api/libkernel32.a(dyuht.o)
 SORT(*)(.idata$6)
 .idata$6       0x0040519c        0xc /usr/lib/gcc/i686-pc-cygwin/4.3.2/../../../libcygwin.a(d000054.o)
 .idata$6       0x004051a8       0x10 /usr/lib/gcc/i686-pc-cygwin/4.3.2/../../../libcygwin.a(d000327.o)
                0x004051a8                __nm___impure_ptr
 .idata$6       0x004051b8        0xc /usr/lib/gcc/i686-pc-cygwin/4.3.2/../../../libcygwin.a(d000696.o)
 .idata$6       0x004051c4       0x14 /usr/lib/gcc/i686-pc-cygwin/4.3.2/../../../libcygwin.a(d000752.o)
 .idata$6       0x004051d8       0x1c /usr/lib/gcc/i686-pc-cygwin/4.3.2/../../../libcygwin.a(d000772.o)
 .idata$6       0x004051f4        0x8 /usr/lib/gcc/i686-pc-cygwin/4.3.2/../../../libcygwin.a(d000870.o)
 .idata$6       0x004051fc        0xc /usr/lib/gcc/i686-pc-cygwin/4.3.2/../../../libcygwin.a(d001100.o)
 .idata$6       0x00405208        0xc /usr/lib/gcc/i686-pc-cygwin/4.3.2/../../../libcygwin.a(d001281.o)
 .idata$6       0x00405214       0x1c /usr/lib/gcc/i686-pc-cygwin/4.3.2/libgcc_s.dll.a(d000035.o)
 .idata$6       0x00405230       0x18 /usr/lib/gcc/i686-pc-cygwin/4.3.2/libgcc_s.dll.a(d000091.o)
 .idata$6       0x00405248       0x14 /usr/lib/gcc/i686-pc-cygwin/4.3.2/libstdc++.dll.a(d000745.o)
 .idata$6       0x0040525c        0xc /usr/lib/gcc/i686-pc-cygwin/4.3.2/libstdc++.dll.a(d000753.o)
 .idata$6       0x00405268        0xc /usr/lib/gcc/i686-pc-cygwin/4.3.2/libstdc++.dll.a(d000754.o)
 .idata$6       0x00405274       0x1c /usr/lib/gcc/i686-pc-cygwin/4.3.2/libstdc++.dll.a(d001743.o)
 .idata$6       0x00405290       0x1c /usr/lib/gcc/i686-pc-cygwin/4.3.2/libstdc++.dll.a(d001745.o)
 .idata$6       0x004052ac        0xc /usr/lib/gcc/i686-pc-cygwin/4.3.2/libstdc++.dll.a(d001913.o)
                0x004052ac                __nm___ZSt4cout
 .idata$6       0x004052b8       0x40 /usr/lib/gcc/i686-pc-cygwin/4.3.2/libstdc++.dll.a(d001914.o)
 .idata$6       0x004052f8       0x3c /usr/lib/gcc/i686-pc-cygwin/4.3.2/libstdc++.dll.a(d001950.o)
 .idata$6       0x00405334       0x38 /usr/lib/gcc/i686-pc-cygwin/4.3.2/libstdc++.dll.a(d001953.o)
 .idata$6       0x0040536c       0x18 /usr/lib/gcc/i686-pc-cygwin/4.3.2/libstdc++.dll.a(d002316.o)
 .idata$6       0x00405384       0x14 /usr/lib/w32api/libkernel32.a(dyuhs00337.o)
 .idata$6       0x00405398       0x12 /usr/lib/w32api/libkernel32.a(dyuhs00364.o)
 SORT(*)(.idata$7)
 *fill*         0x004053aa        0x2 00
 .idata$7       0x004053ac        0x4 /usr/lib/gcc/i686-pc-cygwin/4.3.2/../../../libcygwin.a(d000054.o)
 .idata$7       0x004053b0        0x4 /usr/lib/gcc/i686-pc-cygwin/4.3.2/../../../libcygwin.a(d000327.o)
 .idata$7       0x004053b4        0x4 /usr/lib/gcc/i686-pc-cygwin/4.3.2/../../../libcygwin.a(d000696.o)
 .idata$7       0x004053b8        0x4 /usr/lib/gcc/i686-pc-cygwin/4.3.2/../../../libcygwin.a(d000752.o)
 .idata$7       0x004053bc        0x4 /usr/lib/gcc/i686-pc-cygwin/4.3.2/../../../libcygwin.a(d000772.o)
 .idata$7       0x004053c0        0x4 /usr/lib/gcc/i686-pc-cygwin/4.3.2/../../../libcygwin.a(d000870.o)
 .idata$7       0x004053c4        0x4 /usr/lib/gcc/i686-pc-cygwin/4.3.2/../../../libcygwin.a(d001100.o)
 .idata$7       0x004053c8        0x4 /usr/lib/gcc/i686-pc-cygwin/4.3.2/../../../libcygwin.a(d001281.o)
 .idata$7       0x004053cc        0xc /usr/lib/gcc/i686-pc-cygwin/4.3.2/../../../libcygwin.a(d001625.o)
                0x004053cc                _cygwin1_dll_iname
 .idata$7       0x004053d8        0x4 /usr/lib/gcc/i686-pc-cygwin/4.3.2/libgcc_s.dll.a(d000035.o)
 .idata$7       0x004053dc        0x4 /usr/lib/gcc/i686-pc-cygwin/4.3.2/libgcc_s.dll.a(d000091.o)
 .idata$7       0x004053e0       0x10 /usr/lib/gcc/i686-pc-cygwin/4.3.2/libgcc_s.dll.a(d000104.o)
                0x004053e0                _cyggcc_s_1_dll_iname
 .idata$7       0x004053f0        0x4 /usr/lib/gcc/i686-pc-cygwin/4.3.2/libstdc++.dll.a(d000745.o)
 .idata$7       0x004053f4        0x4 /usr/lib/gcc/i686-pc-cygwin/4.3.2/libstdc++.dll.a(d000753.o)
 .idata$7       0x004053f8        0x4 /usr/lib/gcc/i686-pc-cygwin/4.3.2/libstdc++.dll.a(d000754.o)
 .idata$7       0x004053fc        0x4 /usr/lib/gcc/i686-pc-cygwin/4.3.2/libstdc++.dll.a(d001743.o)
 .idata$7       0x00405400        0x4 /usr/lib/gcc/i686-pc-cygwin/4.3.2/libstdc++.dll.a(d001745.o)
 .idata$7       0x00405404        0x4 /usr/lib/gcc/i686-pc-cygwin/4.3.2/libstdc++.dll.a(d001913.o)
 .idata$7       0x00405408        0x4 /usr/lib/gcc/i686-pc-cygwin/4.3.2/libstdc++.dll.a(d001914.o)
 .idata$7       0x0040540c        0x4 /usr/lib/gcc/i686-pc-cygwin/4.3.2/libstdc++.dll.a(d001950.o)
 .idata$7       0x00405410        0x4 /usr/lib/gcc/i686-pc-cygwin/4.3.2/libstdc++.dll.a(d001953.o)
 .idata$7       0x00405414        0x4 /usr/lib/gcc/i686-pc-cygwin/4.3.2/libstdc++.dll.a(d002316.o)
 .idata$7       0x00405418       0x10 /usr/lib/gcc/i686-pc-cygwin/4.3.2/libstdc++.dll.a(d002342.o)
                0x00405418                _cygstdc___6_dll_iname
 .idata$7       0x00405428        0x4 /usr/lib/w32api/libkernel32.a(dyuhs00337.o)
 .idata$7       0x0040542c        0x4 /usr/lib/w32api/libkernel32.a(dyuhs00364.o)
 .idata$7       0x00405430       0x10 /usr/lib/w32api/libkernel32.a(dyuht.o)
                0x00405430                __libkernel32_a_iname

.CRT            0x00406000        0x0
                0x00406000                ___crt_xc_start__ = .
 *(SORT(.CRT$XC*))
                0x00406000                ___crt_xc_end__ = .
                0x00406000                ___crt_xi_start__ = .
 *(SORT(.CRT$XI*))
                0x00406000                ___crt_xi_end__ = .
                0x00406000                ___crt_xl_start__ = .
 *(SORT(.CRT$XL*))
                0x00406000                ___crt_xp_start__ = .
 *(SORT(.CRT$XP*))
                0x00406000                ___crt_xp_end__ = .
                0x00406000                ___crt_xt_start__ = .
 *(SORT(.CRT$XT*))
                0x00406000                ___crt_xt_end__ = .

.tls            0x00406000        0x0
                0x00406000                ___tls_start__ = .
 *(.tls)
 *(.tls$)
 *(SORT(.tls$*))
                0x00406000                ___tls_end__ = .

.endjunk        0x00406000        0x0
                0x00406000                PROVIDE (end, .)
                0x00406000                PROVIDE (_end, .)
                0x00406000                __end__ = .

.rsrc
 *(.rsrc)
 *(SORT(.rsrc$*))

.reloc
 *(.reloc)

.stab
 *(.stab)

.stabstr
 *(.stabstr)

.debug_aranges
 *(.debug_aranges)

.debug_pubnames
                0x00406000      0x200
 *(.debug_pubnames)
 .debug_pubnames
                0x00406000       0x36 /usr/lib/gcc/i686-pc-cygwin/4.3.2/libgcc_s.dll.a(_ctors.o)

.debug_info     0x00407000      0x400
 *(.debug_info)
 .debug_info    0x00407000      0x225 /usr/lib/gcc/i686-pc-cygwin/4.3.2/libgcc_s.dll.a(_ctors.o)
 *(.gnu.linkonce.wi.*)

.debug_abbrev   0x00408000      0x200
 *(.debug_abbrev)
 .debug_abbrev  0x00408000       0x68 /usr/lib/gcc/i686-pc-cygwin/4.3.2/libgcc_s.dll.a(_ctors.o)

.debug_line     0x00409000      0x200
 *(.debug_line)
 .debug_line    0x00409000       0x73 /usr/lib/gcc/i686-pc-cygwin/4.3.2/libgcc_s.dll.a(_ctors.o)

.debug_frame
 *(.debug_frame)

.debug_str
 *(.debug_str)

.debug_loc
 *(.debug_loc)

.debug_macinfo
 *(.debug_macinfo)

.debug_weaknames
 *(.debug_weaknames)

.debug_funcnames
 *(.debug_funcnames)

.debug_typenames
 *(.debug_typenames)

.debug_varnames
 *(.debug_varnames)

.debug_ranges
 *(.debug_ranges)
OUTPUT(example.exe pei-i386)
LOAD nmth000000.o
LOAD fu000001.o
LOAD fu000002.o
LOAD fu000003.o
LOAD fu000004.o
