Archive member included because of file (symbol)

C:\Qt\2009.05\Qt\lib\libQtCore4.a(d002021.o)
                              obj/main.o (__ZN7QString16fromAscii_helperEPKci)
C:\Qt\2009.05\Qt\lib\libQtCore4.a(d002027.o)
                              obj/main.o (__ZN7QString4freeEPNS_4DataE)
C:\Qt\2009.05\Qt\lib\libQtCore4.a(d001825.o)
                              obj/main.o (__ZN5QFileC1ERK7QString)
C:\Qt\2009.05\Qt\lib\libQtCore4.a(d001834.o)
                              obj/main.o (__ZN5QFileD1Ev)
C:\Qt\2009.05\Qt\lib\libQtCore4.a(d001806.o)
                              obj/main.o (__ZN5QFile4openE6QFlagsIN9QIODevice12OpenModeFlagEE)
C:\Qt\2009.05\Qt\lib\libQtCore4.a(d001810.o)
                              obj/main.o (__ZN5QFile5closeEv)
C:\Qt\2009.05\Qt\lib\libQtCore4.a(d003308.o)
                              obj/main.o (__ZNK7QString11toLocal8BitEv)
C:\Qt\2009.05\Qt\lib\libQtCore4.a(d000078.o)
                              obj/main.o (__Z5qFreePv)
C:\Qt\2009.05\Qt\lib\libQtCore4.a(d000000.o)
                              C:\Qt\2009.05\Qt\lib\libQtCore4.a(d002021.o) (__head_QtCore4_dll)
C:\Qt\2009.05\Qt\lib\libQtCore4.a(d003793.o)
                              C:\Qt\2009.05\Qt\lib\libQtCore4.a(d000000.o) (_QtCore4_dll_iname)
C:\Qt\2009.05\Qt\lib\libQtXml4.a(d000069.o)
                              obj/main.o (__ZN12QDomDocumentC1ERK7QString)
C:\Qt\2009.05\Qt\lib\libQtXml4.a(d000077.o)
                              obj/main.o (__ZN12QDomDocumentD1Ev)
C:\Qt\2009.05\Qt\lib\libQtXml4.a(d000049.o)
                              obj/main.o (__ZN12QDomDocument10setContentEP9QIODeviceP7QStringPiS4_)
C:\Qt\2009.05\Qt\lib\libQtXml4.a(d000423.o)
                              obj/main.o (__ZNK12QDomDocument15documentElementEv)
C:\Qt\2009.05\Qt\lib\libQtXml4.a(d000399.o)
                              obj/main.o (__ZN8QDomNodeD2Ev)
C:\Qt\2009.05\Qt\lib\libQtXml4.a(d000536.o)
                              obj/main.o (__ZNK8QDomNode10firstChildEv)
C:\Qt\2009.05\Qt\lib\libQtXml4.a(d000587.o)
                              obj/main.o (__ZNK8QDomNode9toElementEv)
C:\Qt\2009.05\Qt\lib\libQtXml4.a(d000570.o)
                              obj/main.o (__ZNK8QDomNode6isNullEv)
C:\Qt\2009.05\Qt\lib\libQtXml4.a(d000419.o)
                              obj/main.o (__ZNK11QDomElement7tagNameEv)
C:\Qt\2009.05\Qt\lib\libQtXml4.a(d000544.o)
                              obj/main.o (__ZNK8QDomNode11nextSiblingEv)
C:\Qt\2009.05\Qt\lib\libQtXml4.a(d000398.o)
                              obj/main.o (__ZN8QDomNodeD1Ev)
C:\Qt\2009.05\Qt\lib\libQtXml4.a(d000400.o)
                              obj/main.o (__ZN8QDomNodeaSERKS_)
C:\Qt\2009.05\Qt\lib\libQtXml4.a(d000000.o)
                              C:\Qt\2009.05\Qt\lib\libQtXml4.a(d000069.o) (__head_QtXml4_dll)
C:\Qt\2009.05\Qt\lib\libQtXml4.a(d000635.o)
                              C:\Qt\2009.05\Qt\lib\libQtXml4.a(d000000.o) (_QtXml4_dll_iname)
/usr/lib/gcc/i686-pc-cygwin/4.3.2/libstdc++.dll.a(d001913.o)
                              (__imp___ZSt4cout)
/usr/lib/gcc/i686-pc-cygwin/4.3.2/libstdc++.dll.a(d002316.o)
                              obj/main.o (___gxx_personality_v0)
/usr/lib/gcc/i686-pc-cygwin/4.3.2/libstdc++.dll.a(d001743.o)
                              obj/main.o (__ZNSt8ios_base4InitC1Ev)
/usr/lib/gcc/i686-pc-cygwin/4.3.2/libstdc++.dll.a(d001950.o)
                              obj/main.o (__ZStlsISt11char_traitsIcEERSt13basic_ostreamIcT_ES5_PKc)
/usr/lib/gcc/i686-pc-cygwin/4.3.2/libstdc++.dll.a(d000745.o)
                              obj/main.o (__ZNSolsEPFRSoS_E)
/usr/lib/gcc/i686-pc-cygwin/4.3.2/libstdc++.dll.a(d001745.o)
                              obj/main.o (__ZNSt8ios_base4InitD1Ev)
/usr/lib/gcc/i686-pc-cygwin/4.3.2/libstdc++.dll.a(d001914.o)
                              obj/main.o (__ZSt4endlIcSt11char_traitsIcEERSt13basic_ostreamIT_T0_ES6_)
/usr/lib/gcc/i686-pc-cygwin/4.3.2/libstdc++.dll.a(d000000.o)
                              /usr/lib/gcc/i686-pc-cygwin/4.3.2/libstdc++.dll.a(d001913.o) (__head_cygstdc___6_dll)
/usr/lib/gcc/i686-pc-cygwin/4.3.2/libstdc++.dll.a(d002342.o)
                              /usr/lib/gcc/i686-pc-cygwin/4.3.2/libstdc++.dll.a(d000000.o) (_cygstdc___6_dll_iname)
/usr/lib/gcc/i686-pc-cygwin/4.3.2/libgcc_s.dll.a(d000035.o)
                              (___deregister_frame_info)
/usr/lib/gcc/i686-pc-cygwin/4.3.2/libgcc_s.dll.a(d000091.o)
                              (___register_frame_info)
/usr/lib/gcc/i686-pc-cygwin/4.3.2/libgcc_s.dll.a(d000015.o)
                              obj/main.o (__Unwind_Resume)
/usr/lib/gcc/i686-pc-cygwin/4.3.2/libgcc_s.dll.a(d000000.o)
                              /usr/lib/gcc/i686-pc-cygwin/4.3.2/libgcc_s.dll.a(d000035.o) (__head_cyggcc_s_1_dll)
/usr/lib/gcc/i686-pc-cygwin/4.3.2/libgcc_s.dll.a(d000104.o)
                              /usr/lib/gcc/i686-pc-cygwin/4.3.2/libgcc_s.dll.a(d000000.o) (_cyggcc_s_1_dll_iname)
/usr/lib/gcc/i686-pc-cygwin/4.3.2/../../../libcygwin.a(cygwin_crt0.o)
                              /usr/lib/gcc/i686-pc-cygwin/4.3.2/../../../crt0.o (_cygwin_crt0)
/usr/lib/gcc/i686-pc-cygwin/4.3.2/../../../libcygwin.a(d000054.o)
                              obj/main.o (___main)
/usr/lib/gcc/i686-pc-cygwin/4.3.2/../../../libcygwin.a(_cygwin_crt0_common.o)
                              /usr/lib/gcc/i686-pc-cygwin/4.3.2/../../../libcygwin.a(cygwin_crt0.o) (__cygwin_crt0_common@8)
/usr/lib/gcc/i686-pc-cygwin/4.3.2/../../../libcygwin.a(d000772.o)
                              /usr/lib/gcc/i686-pc-cygwin/4.3.2/../../../libcygwin.a(cygwin_crt0.o) (__imp__dll_crt0__FP11per_process)
/usr/lib/gcc/i686-pc-cygwin/4.3.2/../../../libcygwin.a(d000000.o)
                              /usr/lib/gcc/i686-pc-cygwin/4.3.2/../../../libcygwin.a(d000054.o) (__head_cygwin1_dll)
/usr/lib/gcc/i686-pc-cygwin/4.3.2/../../../libcygwin.a(d000327.o)
                              /usr/lib/gcc/i686-pc-cygwin/4.3.2/../../../libcygwin.a(_cygwin_crt0_common.o) (__imp___impure_ptr)
/usr/lib/gcc/i686-pc-cygwin/4.3.2/../../../libcygwin.a(pseudo-reloc.o)
                              /usr/lib/gcc/i686-pc-cygwin/4.3.2/../../../libcygwin.a(_cygwin_crt0_common.o) (__pei386_runtime_relocator)
/usr/lib/gcc/i686-pc-cygwin/4.3.2/../../../libcygwin.a(d000696.o)
                              /usr/lib/gcc/i686-pc-cygwin/4.3.2/../../../libcygwin.a(_cygwin_crt0_common.o) (_calloc)
/usr/lib/gcc/i686-pc-cygwin/4.3.2/../../../libcygwin.a(d001281.o)
                              /usr/lib/gcc/i686-pc-cygwin/4.3.2/../../../libcygwin.a(_cygwin_crt0_common.o) (_realloc)
/usr/lib/gcc/i686-pc-cygwin/4.3.2/../../../libcygwin.a(d000870.o)
                              /usr/lib/gcc/i686-pc-cygwin/4.3.2/../../../libcygwin.a(_cygwin_crt0_common.o) (_free)
/usr/lib/gcc/i686-pc-cygwin/4.3.2/../../../libcygwin.a(d001100.o)
                              /usr/lib/gcc/i686-pc-cygwin/4.3.2/../../../libcygwin.a(_cygwin_crt0_common.o) (_malloc)
/usr/lib/gcc/i686-pc-cygwin/4.3.2/../../../libcygwin.a(premain3.o)
                              /usr/lib/gcc/i686-pc-cygwin/4.3.2/../../../libcygwin.a(_cygwin_crt0_common.o) (_cygwin_premain3)
/usr/lib/gcc/i686-pc-cygwin/4.3.2/../../../libcygwin.a(premain2.o)
                              /usr/lib/gcc/i686-pc-cygwin/4.3.2/../../../libcygwin.a(_cygwin_crt0_common.o) (_cygwin_premain2)
/usr/lib/gcc/i686-pc-cygwin/4.3.2/../../../libcygwin.a(premain1.o)
                              /usr/lib/gcc/i686-pc-cygwin/4.3.2/../../../libcygwin.a(_cygwin_crt0_common.o) (_cygwin_premain1)
/usr/lib/gcc/i686-pc-cygwin/4.3.2/../../../libcygwin.a(premain0.o)
                              /usr/lib/gcc/i686-pc-cygwin/4.3.2/../../../libcygwin.a(_cygwin_crt0_common.o) (_cygwin_premain0)
/usr/lib/gcc/i686-pc-cygwin/4.3.2/../../../libcygwin.a(d000752.o)
                              /usr/lib/gcc/i686-pc-cygwin/4.3.2/../../../libcygwin.a(_cygwin_crt0_common.o) (_cygwin_internal)
/usr/lib/gcc/i686-pc-cygwin/4.3.2/../../../libcygwin.a(d001625.o)
                              /usr/lib/gcc/i686-pc-cygwin/4.3.2/../../../libcygwin.a(d000000.o) (_cygwin1_dll_iname)
/usr/lib/w32api/libkernel32.a(dyuhs00337.o)
                              /usr/lib/gcc/i686-pc-cygwin/4.3.2/crtbegin.o (_GetModuleHandleA@4)
/usr/lib/w32api/libkernel32.a(dyuhs00364.o)
                              /usr/lib/gcc/i686-pc-cygwin/4.3.2/crtbegin.o (_GetProcAddress@8)
/usr/lib/w32api/libkernel32.a(dyuhh.o)
                              /usr/lib/w32api/libkernel32.a(dyuhs00337.o) (__head_libkernel32_a)
/usr/lib/w32api/libkernel32.a(dyuht.o)
                              /usr/lib/w32api/libkernel32.a(dyuhh.o) (__libkernel32_a_iname)
/usr/lib/gcc/i686-pc-cygwin/4.3.2/libgcc_s.dll.a(_ctors.o)
                              /usr/lib/gcc/i686-pc-cygwin/4.3.2/../../../libcygwin.a(_cygwin_crt0_common.o) (___CTOR_LIST__)

Allocating common symbols
Common symbol       size              file

__DTOR_LIST__       0x10              /usr/lib/gcc/i686-pc-cygwin/4.3.2/libgcc_s.dll.a(_ctors.o)
__CTOR_LIST__       0x10              /usr/lib/gcc/i686-pc-cygwin/4.3.2/libgcc_s.dll.a(_ctors.o)

Discarded input sections

 .text          0x00000000        0x0 /usr/lib/gcc/i686-pc-cygwin/4.3.2/../../../libcygwin.a(d000772.o)

Memory Configuration

Name             Origin             Length             Attributes
*default*        0x00000000         0xffffffff

Linker script and memory map

                0x00400000                __image_base__ = 0x400000
                0x00000000                __dll__ = 0x0
                0x00400000                ___ImageBase = 0x400000
                0x00001000                __section_alignment__ = 0x1000
                0x00000200                __file_alignment__ = 0x200
                0x00000004                __major_os_version__ = 0x4
                0x00000000                __minor_os_version__ = 0x0
                0x00000001                __major_image_version__ = 0x1
                0x00000000                __minor_image_version__ = 0x0
                0x00000004                __major_subsystem_version__ = 0x4
                0x00000000                __minor_subsystem_version__ = 0x0
                0x00000003                __subsystem__ = 0x3
                0x00200000                __size_of_stack_reserve__ = 0x200000
                0x00001000                __size_of_stack_commit__ = 0x1000
                0x00100000                __size_of_heap_reserve__ = 0x100000
                0x00001000                __size_of_heap_commit__ = 0x1000
                0x00000000                __loader_flags__ = 0x0
LOAD /usr/lib/gcc/i686-pc-cygwin/4.3.2/../../../crt0.o
LOAD /usr/lib/gcc/i686-pc-cygwin/4.3.2/crtbegin.o
LOAD obj/main.o
LOAD /usr/lib/gcc/i686-pc-cygwin/4.3.2/../../../libm.a
LOAD C:\Qt\2009.05\Qt\lib\libQtCore4.a
LOAD C:\Qt\2009.05\Qt\lib\libQtXml4.a
LOAD C:\Qt\2009.05\Qt\lib\libQtXmlPatterns4.a
LOAD C:\Qt\2009.05\Qt\lib\libqtmain.a
LOAD C:\Qt\2009.05\Qt\lib\libQAxContainer.a
LOAD C:\Qt\2009.05\Qt\lib\libQtXmlPatterns4.a
LOAD /usr/lib/gcc/i686-pc-cygwin/4.3.2/libstdc++.dll.a
LOAD /usr/lib/gcc/i686-pc-cygwin/4.3.2/libgcc_s.dll.a
LOAD /usr/lib/gcc/i686-pc-cygwin/4.3.2/libgcc_s.dll.a
LOAD /usr/lib/gcc/i686-pc-cygwin/4.3.2/libgcc.a
LOAD /usr/lib/gcc/i686-pc-cygwin/4.3.2/../../../libcygwin.a
LOAD /usr/lib/w32api/libuser32.a
LOAD /usr/lib/w32api/libkernel32.a
LOAD /usr/lib/w32api/libadvapi32.a
LOAD /usr/lib/w32api/libshell32.a
LOAD /usr/lib/gcc/i686-pc-cygwin/4.3.2/libgcc_s.dll.a
LOAD /usr/lib/gcc/i686-pc-cygwin/4.3.2/libgcc_s.dll.a
LOAD /usr/lib/gcc/i686-pc-cygwin/4.3.2/libgcc.a
LOAD /usr/lib/gcc/i686-pc-cygwin/4.3.2/crtend.o
                0x000002e0                . = SIZEOF_HEADERS
                0x00001000                . = ALIGN (__section_alignment__)

.text           0x00401000      0xc00
 *(.init)
 *(.text)
 .text          0x00401000       0x50 /usr/lib/gcc/i686-pc-cygwin/4.3.2/../../../crt0.o
                0x00401000                _WinMainCRTStartup
                0x00401000                _mainCRTStartup
 .text          0x00401050       0xb0 /usr/lib/gcc/i686-pc-cygwin/4.3.2/crtbegin.o
                0x00401050                ___gcc_register_frame
                0x004010b0                ___gcc_deregister_frame
 .text          0x00401100      0x43c obj/main.o
                0x0040136a                __fu0___ZSt4cout
                0x00401176                _main
 .text          0x0040153c        0x8 C:\Qt\2009.05\Qt\lib\libQtCore4.a(d002021.o)
                0x0040153c                __ZN7QString16fromAscii_helperEPKci
 .text          0x00401544        0x8 C:\Qt\2009.05\Qt\lib\libQtCore4.a(d002027.o)
                0x00401544                __ZN7QString4freeEPNS_4DataE
 .text          0x0040154c        0x8 C:\Qt\2009.05\Qt\lib\libQtCore4.a(d001825.o)
                0x0040154c                __ZN5QFileC1ERK7QString
 .text          0x00401554        0x8 C:\Qt\2009.05\Qt\lib\libQtCore4.a(d001834.o)
                0x00401554                __ZN5QFileD1Ev
 .text          0x0040155c        0x8 C:\Qt\2009.05\Qt\lib\libQtCore4.a(d001806.o)
                0x0040155c                __ZN5QFile4openE6QFlagsIN9QIODevice12OpenModeFlagEE
 .text          0x00401564        0x8 C:\Qt\2009.05\Qt\lib\libQtCore4.a(d001810.o)
                0x00401564                __ZN5QFile5closeEv
 .text          0x0040156c        0x8 C:\Qt\2009.05\Qt\lib\libQtCore4.a(d003308.o)
                0x0040156c                __ZNK7QString11toLocal8BitEv
 .text          0x00401574        0x8 C:\Qt\2009.05\Qt\lib\libQtCore4.a(d000078.o)
                0x00401574                __Z5qFreePv
 .text          0x0040157c        0x8 C:\Qt\2009.05\Qt\lib\libQtXml4.a(d000069.o)
                0x0040157c                __ZN12QDomDocumentC1ERK7QString
 .text          0x00401584        0x8 C:\Qt\2009.05\Qt\lib\libQtXml4.a(d000077.o)
                0x00401584                __ZN12QDomDocumentD1Ev
 .text          0x0040158c        0x8 C:\Qt\2009.05\Qt\lib\libQtXml4.a(d000049.o)
                0x0040158c                __ZN12QDomDocument10setContentEP9QIODeviceP7QStringPiS4_
 .text          0x00401594        0x8 C:\Qt\2009.05\Qt\lib\libQtXml4.a(d000423.o)
                0x00401594                __ZNK12QDomDocument15documentElementEv
 .text          0x0040159c        0x8 C:\Qt\2009.05\Qt\lib\libQtXml4.a(d000399.o)
                0x0040159c                __ZN8QDomNodeD2Ev
 .text          0x004015a4        0x8 C:\Qt\2009.05\Qt\lib\libQtXml4.a(d000536.o)
                0x004015a4                __ZNK8QDomNode10firstChildEv
 .text          0x004015ac        0x8 C:\Qt\2009.05\Qt\lib\libQtXml4.a(d000587.o)
                0x004015ac                __ZNK8QDomNode9toElementEv
 .text          0x004015b4        0x8 C:\Qt\2009.05\Qt\lib\libQtXml4.a(d000570.o)
                0x004015b4                __ZNK8QDomNode6isNullEv
 .text          0x004015bc        0x8 C:\Qt\2009.05\Qt\lib\libQtXml4.a(d000419.o)
                0x004015bc                __ZNK11QDomElement7tagNameEv
 .text          0x004015c4        0x8 C:\Qt\2009.05\Qt\lib\libQtXml4.a(d000544.o)
                0x004015c4                __ZNK8QDomNode11nextSiblingEv
 .text          0x004015cc        0x8 C:\Qt\2009.05\Qt\lib\libQtXml4.a(d000398.o)
                0x004015cc                __ZN8QDomNodeD1Ev
 .text          0x004015d4        0x8 C:\Qt\2009.05\Qt\lib\libQtXml4.a(d000400.o)
                0x004015d4                __ZN8QDomNodeaSERKS_
 .text          0x004015dc        0x0 /usr/lib/gcc/i686-pc-cygwin/4.3.2/libstdc++.dll.a(d001913.o)
 .text          0x004015dc        0x8 /usr/lib/gcc/i686-pc-cygwin/4.3.2/libstdc++.dll.a(d002316.o)
                0x004015dc                ___gxx_personality_v0
 .text          0x004015e4        0x8 /usr/lib/gcc/i686-pc-cygwin/4.3.2/libstdc++.dll.a(d001743.o)
                0x004015e4                __ZNSt8ios_base4InitC1Ev
 .text          0x004015ec        0x8 /usr/lib/gcc/i686-pc-cygwin/4.3.2/libstdc++.dll.a(d001950.o)
                0x004015ec                __ZStlsISt11char_traitsIcEERSt13basic_ostreamIcT_ES5_PKc
 .text          0x004015f4        0x8 /usr/lib/gcc/i686-pc-cygwin/4.3.2/libstdc++.dll.a(d000745.o)
                0x004015f4                __ZNSolsEPFRSoS_E
 .text          0x004015fc        0x8 /usr/lib/gcc/i686-pc-cygwin/4.3.2/libstdc++.dll.a(d001745.o)
                0x004015fc                __ZNSt8ios_base4InitD1Ev
 .text          0x00401604        0x8 /usr/lib/gcc/i686-pc-cygwin/4.3.2/libstdc++.dll.a(d001914.o)
                0x00401604                __ZSt4endlIcSt11char_traitsIcEERSt13basic_ostreamIT_T0_ES6_
 .text          0x0040160c        0x8 /usr/lib/gcc/i686-pc-cygwin/4.3.2/libgcc_s.dll.a(d000035.o)
                0x0040160c                ___deregister_frame_info
 .text          0x00401614        0x8 /usr/lib/gcc/i686-pc-cygwin/4.3.2/libgcc_s.dll.a(d000091.o)
                0x00401614                ___register_frame_info
 .text          0x0040161c        0x8 /usr/lib/gcc/i686-pc-cygwin/4.3.2/libgcc_s.dll.a(d000015.o)
                0x0040161c                __Unwind_Resume
 .text          0x00401624       0x60 /usr/lib/gcc/i686-pc-cygwin/4.3.2/../../../libcygwin.a(cygwin_crt0.o)
                0x00401624                _cygwin_crt0
 .text          0x00401684       0x10 /usr/lib/gcc/i686-pc-cygwin/4.3.2/../../../libcygwin.a(d000054.o)
                0x00401684                ___main
 .text          0x00401694      0x150 /usr/lib/gcc/i686-pc-cygwin/4.3.2/../../../libcygwin.a(_cygwin_crt0_common.o)
                0x00401694                __cygwin_crt0_common@8
 .text          0x004017e4        0x0 /usr/lib/gcc/i686-pc-cygwin/4.3.2/../../../libcygwin.a(d000327.o)
 .text          0x004017e4       0x60 /usr/lib/gcc/i686-pc-cygwin/4.3.2/../../../libcygwin.a(pseudo-reloc.o)
                0x00401814                __pei386_runtime_relocator
                0x004017e4                _do_pseudo_reloc
 .text          0x00401844       0x10 /usr/lib/gcc/i686-pc-cygwin/4.3.2/../../../libcygwin.a(d000696.o)
                0x00401844                _calloc
 .text          0x00401854       0x10 /usr/lib/gcc/i686-pc-cygwin/4.3.2/../../../libcygwin.a(d001281.o)
                0x00401854                _realloc
 .text          0x00401864       0x10 /usr/lib/gcc/i686-pc-cygwin/4.3.2/../../../libcygwin.a(d000870.o)
                0x00401864                _free
 .text          0x00401874       0x10 /usr/lib/gcc/i686-pc-cygwin/4.3.2/../../../libcygwin.a(d001100.o)
                0x00401874                _malloc
 .text          0x00401884       0x10 /usr/lib/gcc/i686-pc-cygwin/4.3.2/../../../libcygwin.a(premain3.o)
                0x00401884                _cygwin_premain3
 .text          0x00401894       0x10 /usr/lib/gcc/i686-pc-cygwin/4.3.2/../../../libcygwin.a(premain2.o)
                0x00401894                _cygwin_premain2
 .text          0x004018a4       0x10 /usr/lib/gcc/i686-pc-cygwin/4.3.2/../../../libcygwin.a(premain1.o)
                0x004018a4                _cygwin_premain1
 .text          0x004018b4       0x10 /usr/lib/gcc/i686-pc-cygwin/4.3.2/../../../libcygwin.a(premain0.o)
                0x004018b4                _cygwin_premain0
 .text          0x004018c4       0x10 /usr/lib/gcc/i686-pc-cygwin/4.3.2/../../../libcygwin.a(d000752.o)
                0x004018c4                _cygwin_internal
 .text          0x004018d4        0x8 /usr/lib/w32api/libkernel32.a(dyuhs00337.o)
                0x004018d4                _GetModuleHandleA@4
 .text          0x004018dc        0x8 /usr/lib/w32api/libkernel32.a(dyuhs00364.o)
                0x004018dc                _GetProcAddress@8
 .text          0x004018e4        0x0 /usr/lib/w32api/libkernel32.a(dyuhh.o)
 .text          0x004018e4        0x0 /usr/lib/w32api/libkernel32.a(dyuht.o)
 .text          0x004018e4        0x0 /usr/lib/gcc/i686-pc-cygwin/4.3.2/libgcc_s.dll.a(_ctors.o)
 *fill*         0x004018e4        0xc 00
 .text          0x004018f0       0x20 /usr/lib/gcc/i686-pc-cygwin/4.3.2/crtend.o
 *(SORT(.text$*))
 .text$_ZN10QByteArrayD1Ev
                0x00401910       0x2c obj/main.o
                0x00401910                __ZN10QByteArrayD1Ev
 .text$_ZN11QDomElementD1Ev
                0x0040193c       0x14 obj/main.o
                0x0040193c                __ZN11QDomElementD1Ev
 .text$_ZN15QBasicAtomicInt5derefEv
                0x00401950       0x1c obj/main.o
                0x00401950                __ZN15QBasicAtomicInt5derefEv
 .text$_ZN6QFlagsIN9QIODevice12OpenModeFlagEEC1ES1_
                0x0040196c       0x10 obj/main.o
                0x0040196c                __ZN6QFlagsIN9QIODevice12OpenModeFlagEEC1ES1_
 .text$_ZN7QStringC1EPKc
                0x0040197c       0x24 obj/main.o
                0x0040197c                __ZN7QStringC1EPKc
 .text$_ZN7QStringD1Ev
                0x004019a0       0x2c obj/main.o
                0x004019a0                __ZN7QStringD1Ev
 .text$_ZNK10QByteArray9constDataEv
                0x004019cc       0x10 obj/main.o
                0x004019cc                __ZNK10QByteArray9constDataEv
 *(.glue_7t)
 *(.glue_7)
                0x004019dc                ___CTOR_LIST__ = .
                0x004019dc                __CTOR_LIST__ = .
                0x004019dc        0x4 LONG 0xffffffff
 *(.ctors)
 .ctors         0x004019e0        0x4 obj/main.o
 *(.ctor)
 *(SORT(.ctors.*))
 .ctors.65535   0x004019e4        0x4 /usr/lib/gcc/i686-pc-cygwin/4.3.2/crtend.o
                0x004019e8        0x4 LONG 0x0
                0x004019ec                ___DTOR_LIST__ = .
                0x004019ec                __DTOR_LIST__ = .
                0x004019ec        0x4 LONG 0xffffffff
 *(.dtors)
 .dtors         0x004019f0        0x4 obj/main.o
 *(.dtor)
 *(SORT(.dtors.*))
 .dtors.65535   0x004019f4        0x4 /usr/lib/gcc/i686-pc-cygwin/4.3.2/crtend.o
                0x004019f8        0x4 LONG 0x0
 *(.fini)
 *(.gcc_exc)
                0x004019fc                PROVIDE (etext, .)
 *(.gcc_except_table)
 .gcc_except_table
                0x004019fc       0x94 obj/main.o

.data           0x00402000      0x200
                0x00402000                __data_start__ = .
 *(.data)
 .data          0x00402000        0x0 /usr/lib/gcc/i686-pc-cygwin/4.3.2/../../../crt0.o
 .data          0x00402000        0xc /usr/lib/gcc/i686-pc-cygwin/4.3.2/crtbegin.o
                0x00402004                _deregister_frame_info_ptr
                0x00402008                _jv_registerclasses_ptr
                0x00402000                _register_frame_info_ptr
 .data          0x0040200c        0x0 obj/main.o
 .data          0x0040200c        0x0 /usr/lib/gcc/i686-pc-cygwin/4.3.2/../../../libcygwin.a(cygwin_crt0.o)
 .data          0x0040200c        0x0 /usr/lib/gcc/i686-pc-cygwin/4.3.2/../../../libcygwin.a(_cygwin_crt0_common.o)
 .data          0x0040200c        0x0 /usr/lib/gcc/i686-pc-cygwin/4.3.2/../../../libcygwin.a(pseudo-reloc.o)
 .data          0x0040200c        0x0 /usr/lib/gcc/i686-pc-cygwin/4.3.2/../../../libcygwin.a(premain3.o)
 .data          0x0040200c        0x0 /usr/lib/gcc/i686-pc-cygwin/4.3.2/../../../libcygwin.a(premain2.o)
 .data          0x0040200c        0x0 /usr/lib/gcc/i686-pc-cygwin/4.3.2/../../../libcygwin.a(premain1.o)
 .data          0x0040200c        0x0 /usr/lib/gcc/i686-pc-cygwin/4.3.2/../../../libcygwin.a(premain0.o)
 .data          0x0040200c        0x0 /usr/lib/w32api/libkernel32.a(dyuhs00337.o)
 .data          0x0040200c        0x0 /usr/lib/w32api/libkernel32.a(dyuhs00364.o)
 .data          0x0040200c        0x0 /usr/lib/w32api/libkernel32.a(dyuhh.o)
 .data          0x0040200c        0x0 /usr/lib/w32api/libkernel32.a(dyuht.o)
 .data          0x0040200c        0x0 /usr/lib/gcc/i686-pc-cygwin/4.3.2/libgcc_s.dll.a(_ctors.o)
 .data          0x0040200c        0x0 /usr/lib/gcc/i686-pc-cygwin/4.3.2/crtend.o
 *(.data2)
 *(SORT(.data$*))
 *fill*         0x0040200c        0x4 00
 .data$_ZGVZ13qvariant_castI8QVariantET_RKS0_E3vid
                0x00402010        0x8 obj/main.o
                0x00402010                __ZGVZ13qvariant_castI8QVariantET_RKS0_E3vid
 *(.rdata)
 .rdata         0x00402018       0x40 /usr/lib/gcc/i686-pc-cygwin/4.3.2/crtbegin.o
 .rdata         0x00402058       0x10 obj/main.o
 *(SORT(.rdata$*))
 *(.jcr)
                0x00402068                __data_end__ = .
 *(.data_cygwin_nocopy)

.rdata          0x00403000      0x200
 *(.eh_frame)
 .eh_frame      0x00403000        0x0 /usr/lib/gcc/i686-pc-cygwin/4.3.2/crtbegin.o
 .eh_frame      0x00403000      0x12c obj/main.o
 .eh_frame      0x0040312c        0x4 /usr/lib/gcc/i686-pc-cygwin/4.3.2/crtend.o
                0x00403130                ___RUNTIME_PSEUDO_RELOC_LIST__ = .
                0x00403130                __RUNTIME_PSEUDO_RELOC_LIST__ = .
 *(.rdata_runtime_pseudo_reloc)
                0x00403130                ___RUNTIME_PSEUDO_RELOC_LIST_END__ = .
                0x00403130                __RUNTIME_PSEUDO_RELOC_LIST_END__ = .

.pdata
 *(.pdata)

.bss            0x00404000       0x70
                0x00404000                __bss_start__ = .
 *(.bss)
 .bss           0x00404000       0x10 /usr/lib/gcc/i686-pc-cygwin/4.3.2/../../../crt0.o
                0x00404000                ___cygwin_crt0_bp
 .bss           0x00404010       0x20 /usr/lib/gcc/i686-pc-cygwin/4.3.2/crtbegin.o
 .bss           0x00404030       0x10 obj/main.o
 .bss           0x00404040        0x0 /usr/lib/gcc/i686-pc-cygwin/4.3.2/../../../libcygwin.a(cygwin_crt0.o)
 .bss           0x00404040       0x10 /usr/lib/gcc/i686-pc-cygwin/4.3.2/../../../libcygwin.a(_cygwin_crt0_common.o)
                0x00404044                _environ
                0x00404040                __fmode
 .bss           0x00404050        0x0 /usr/lib/gcc/i686-pc-cygwin/4.3.2/../../../libcygwin.a(pseudo-reloc.o)
 .bss           0x00404050        0x0 /usr/lib/gcc/i686-pc-cygwin/4.3.2/../../../libcygwin.a(premain3.o)
 .bss           0x00404050        0x0 /usr/lib/gcc/i686-pc-cygwin/4.3.2/../../../libcygwin.a(premain2.o)
 .bss           0x00404050        0x0 /usr/lib/gcc/i686-pc-cygwin/4.3.2/../../../libcygwin.a(premain1.o)
 .bss           0x00404050        0x0 /usr/lib/gcc/i686-pc-cygwin/4.3.2/../../../libcygwin.a(premain0.o)
 .bss           0x00404050        0x0 /usr/lib/w32api/libkernel32.a(dyuhs00337.o)
 .bss           0x00404050        0x0 /usr/lib/w32api/libkernel32.a(dyuhs00364.o)
 .bss           0x00404050        0x0 /usr/lib/w32api/libkernel32.a(dyuhh.o)
 .bss           0x00404050        0x0 /usr/lib/w32api/libkernel32.a(dyuht.o)
 .bss           0x00404050        0x0 /usr/lib/gcc/i686-pc-cygwin/4.3.2/libgcc_s.dll.a(_ctors.o)
 .bss           0x00404050        0x0 /usr/lib/gcc/i686-pc-cygwin/4.3.2/crtend.o
 *(COMMON)
 COMMON         0x00404050       0x20 /usr/lib/gcc/i686-pc-cygwin/4.3.2/libgcc_s.dll.a(_ctors.o)
                0x00404070                __bss_end__ = .

.edata
 *(.edata)

/DISCARD/
 *(.debug$S)
 *(.debug$T)
 *(.debug$F)
 *(.drectve)

.idata          0x00405000      0x800
 SORT(*)(.idata$2)
 .idata$2       0x00405000       0x14 /usr/lib/gcc/i686-pc-cygwin/4.3.2/../../../libcygwin.a(d000000.o)
                0x00405000                __head_cygwin1_dll
 .idata$2       0x00405014       0x14 /usr/lib/gcc/i686-pc-cygwin/4.3.2/libgcc_s.dll.a(d000000.o)
                0x00405014                __head_cyggcc_s_1_dll
 .idata$2       0x00405028       0x14 /usr/lib/gcc/i686-pc-cygwin/4.3.2/libstdc++.dll.a(d000000.o)
                0x00405028                __head_cygstdc___6_dll
 .idata$2       0x0040503c       0x14 /usr/lib/w32api/libkernel32.a(dyuhh.o)
                0x0040503c                __head_libkernel32_a
 .idata$2       0x00405050       0x14 C:\Qt\2009.05\Qt\lib\libQtCore4.a(d000000.o)
                0x00405050                __head_QtCore4_dll
 .idata$2       0x00405064       0x14 C:\Qt\2009.05\Qt\lib\libQtXml4.a(d000000.o)
                0x00405064                __head_QtXml4_dll
 .idata$2       0x00405078       0x14 fu000001.o
 SORT(*)(.idata$3)
                0x0040508c        0x4 LONG 0x0
                0x00405090        0x4 LONG 0x0
                0x00405094        0x4 LONG 0x0
                0x00405098        0x4 LONG 0x0
                0x0040509c        0x4 LONG 0x0
 SORT(*)(.idata$4)
 .idata$4       0x004050a0        0x4 /usr/lib/gcc/i686-pc-cygwin/4.3.2/../../../libcygwin.a(d000000.o)
 .idata$4       0x004050a4        0x4 /usr/lib/gcc/i686-pc-cygwin/4.3.2/../../../libcygwin.a(d000054.o)
 .idata$4       0x004050a8        0x4 /usr/lib/gcc/i686-pc-cygwin/4.3.2/../../../libcygwin.a(d000327.o)
 .idata$4       0x004050ac        0x4 /usr/lib/gcc/i686-pc-cygwin/4.3.2/../../../libcygwin.a(d000696.o)
 .idata$4       0x004050b0        0x4 /usr/lib/gcc/i686-pc-cygwin/4.3.2/../../../libcygwin.a(d000752.o)
 .idata$4       0x004050b4        0x4 /usr/lib/gcc/i686-pc-cygwin/4.3.2/../../../libcygwin.a(d000772.o)
 .idata$4       0x004050b8        0x4 /usr/lib/gcc/i686-pc-cygwin/4.3.2/../../../libcygwin.a(d000870.o)
 .idata$4       0x004050bc        0x4 /usr/lib/gcc/i686-pc-cygwin/4.3.2/../../../libcygwin.a(d001100.o)
 .idata$4       0x004050c0        0x4 /usr/lib/gcc/i686-pc-cygwin/4.3.2/../../../libcygwin.a(d001281.o)
 .idata$4       0x004050c4        0x4 /usr/lib/gcc/i686-pc-cygwin/4.3.2/../../../libcygwin.a(d001625.o)
 .idata$4       0x004050c8        0x0 /usr/lib/gcc/i686-pc-cygwin/4.3.2/libgcc_s.dll.a(d000000.o)
 .idata$4       0x004050c8        0x4 /usr/lib/gcc/i686-pc-cygwin/4.3.2/libgcc_s.dll.a(d000015.o)
 .idata$4       0x004050cc        0x4 /usr/lib/gcc/i686-pc-cygwin/4.3.2/libgcc_s.dll.a(d000035.o)
 .idata$4       0x004050d0        0x4 /usr/lib/gcc/i686-pc-cygwin/4.3.2/libgcc_s.dll.a(d000091.o)
 .idata$4       0x004050d4        0x4 /usr/lib/gcc/i686-pc-cygwin/4.3.2/libgcc_s.dll.a(d000104.o)
 .idata$4       0x004050d8        0x0 /usr/lib/gcc/i686-pc-cygwin/4.3.2/libstdc++.dll.a(d000000.o)
 .idata$4       0x004050d8        0x4 /usr/lib/gcc/i686-pc-cygwin/4.3.2/libstdc++.dll.a(d000745.o)
 .idata$4       0x004050dc        0x4 /usr/lib/gcc/i686-pc-cygwin/4.3.2/libstdc++.dll.a(d001743.o)
 .idata$4       0x004050e0        0x4 /usr/lib/gcc/i686-pc-cygwin/4.3.2/libstdc++.dll.a(d001745.o)
 .idata$4       0x004050e4        0x4 /usr/lib/gcc/i686-pc-cygwin/4.3.2/libstdc++.dll.a(d001913.o)
 .idata$4       0x004050e8        0x4 /usr/lib/gcc/i686-pc-cygwin/4.3.2/libstdc++.dll.a(d001914.o)
 .idata$4       0x004050ec        0x4 /usr/lib/gcc/i686-pc-cygwin/4.3.2/libstdc++.dll.a(d001950.o)
 .idata$4       0x004050f0        0x4 /usr/lib/gcc/i686-pc-cygwin/4.3.2/libstdc++.dll.a(d002316.o)
 .idata$4       0x004050f4        0x4 /usr/lib/gcc/i686-pc-cygwin/4.3.2/libstdc++.dll.a(d002342.o)
 .idata$4       0x004050f8        0x4 /usr/lib/w32api/libkernel32.a(dyuhh.o)
 .idata$4       0x004050fc        0x4 /usr/lib/w32api/libkernel32.a(dyuhs00337.o)
 .idata$4       0x00405100        0x4 /usr/lib/w32api/libkernel32.a(dyuhs00364.o)
 .idata$4       0x00405104        0x4 /usr/lib/w32api/libkernel32.a(dyuht.o)
 .idata$4       0x00405108        0x4 C:\Qt\2009.05\Qt\lib\libQtCore4.a(d000000.o)
 .idata$4       0x0040510c        0x4 C:\Qt\2009.05\Qt\lib\libQtCore4.a(d000078.o)
 .idata$4       0x00405110        0x4 C:\Qt\2009.05\Qt\lib\libQtCore4.a(d001806.o)
 .idata$4       0x00405114        0x4 C:\Qt\2009.05\Qt\lib\libQtCore4.a(d001810.o)
 .idata$4       0x00405118        0x4 C:\Qt\2009.05\Qt\lib\libQtCore4.a(d001825.o)
 .idata$4       0x0040511c        0x4 C:\Qt\2009.05\Qt\lib\libQtCore4.a(d001834.o)
 .idata$4       0x00405120        0x4 C:\Qt\2009.05\Qt\lib\libQtCore4.a(d002021.o)
 .idata$4       0x00405124        0x4 C:\Qt\2009.05\Qt\lib\libQtCore4.a(d002027.o)
 .idata$4       0x00405128        0x4 C:\Qt\2009.05\Qt\lib\libQtCore4.a(d003308.o)
 .idata$4       0x0040512c        0x4 C:\Qt\2009.05\Qt\lib\libQtCore4.a(d003793.o)
 .idata$4       0x00405130        0x4 C:\Qt\2009.05\Qt\lib\libQtXml4.a(d000000.o)
 .idata$4       0x00405134        0x4 C:\Qt\2009.05\Qt\lib\libQtXml4.a(d000049.o)
 .idata$4       0x00405138        0x4 C:\Qt\2009.05\Qt\lib\libQtXml4.a(d000069.o)
 .idata$4       0x0040513c        0x4 C:\Qt\2009.05\Qt\lib\libQtXml4.a(d000077.o)
 .idata$4       0x00405140        0x4 C:\Qt\2009.05\Qt\lib\libQtXml4.a(d000398.o)
 .idata$4       0x00405144        0x4 C:\Qt\2009.05\Qt\lib\libQtXml4.a(d000399.o)
 .idata$4       0x00405148        0x4 C:\Qt\2009.05\Qt\lib\libQtXml4.a(d000400.o)
 .idata$4       0x0040514c        0x4 C:\Qt\2009.05\Qt\lib\libQtXml4.a(d000419.o)
 .idata$4       0x00405150        0x4 C:\Qt\2009.05\Qt\lib\libQtXml4.a(d000423.o)
 .idata$4       0x00405154        0x4 C:\Qt\2009.05\Qt\lib\libQtXml4.a(d000536.o)
 .idata$4       0x00405158        0x4 C:\Qt\2009.05\Qt\lib\libQtXml4.a(d000544.o)
 .idata$4       0x0040515c        0x4 C:\Qt\2009.05\Qt\lib\libQtXml4.a(d000570.o)
 .idata$4       0x00405160        0x4 C:\Qt\2009.05\Qt\lib\libQtXml4.a(d000587.o)
 .idata$4       0x00405164        0x4 C:\Qt\2009.05\Qt\lib\libQtXml4.a(d000635.o)
 .idata$4       0x00405168        0x8 nmth000000.o
                0x00405168                __nm_thnk___ZSt4cout
 SORT(*)(.idata$5)
 .idata$5       0x00405170        0x4 /usr/lib/gcc/i686-pc-cygwin/4.3.2/../../../libcygwin.a(d000000.o)
 .idata$5       0x00405174        0x4 /usr/lib/gcc/i686-pc-cygwin/4.3.2/../../../libcygwin.a(d000054.o)
                0x00405174                __imp____main
 .idata$5       0x00405178        0x4 /usr/lib/gcc/i686-pc-cygwin/4.3.2/../../../libcygwin.a(d000327.o)
                0x00405178                __imp___impure_ptr
 .idata$5       0x0040517c        0x4 /usr/lib/gcc/i686-pc-cygwin/4.3.2/../../../libcygwin.a(d000696.o)
                0x0040517c                __imp__calloc
 .idata$5       0x00405180        0x4 /usr/lib/gcc/i686-pc-cygwin/4.3.2/../../../libcygwin.a(d000752.o)
                0x00405180                __imp__cygwin_internal
 .idata$5       0x00405184        0x4 /usr/lib/gcc/i686-pc-cygwin/4.3.2/../../../libcygwin.a(d000772.o)
                0x00405184                __imp__dll_crt0__FP11per_process
 .idata$5       0x00405188        0x4 /usr/lib/gcc/i686-pc-cygwin/4.3.2/../../../libcygwin.a(d000870.o)
                0x00405188                __imp__free
 .idata$5       0x0040518c        0x4 /usr/lib/gcc/i686-pc-cygwin/4.3.2/../../../libcygwin.a(d001100.o)
                0x0040518c                __imp__malloc
 .idata$5       0x00405190        0x4 /usr/lib/gcc/i686-pc-cygwin/4.3.2/../../../libcygwin.a(d001281.o)
                0x00405190                __imp__realloc
 .idata$5       0x00405194        0x4 /usr/lib/gcc/i686-pc-cygwin/4.3.2/../../../libcygwin.a(d001625.o)
 .idata$5       0x00405198        0x0 /usr/lib/gcc/i686-pc-cygwin/4.3.2/libgcc_s.dll.a(d000000.o)
 .idata$5       0x00405198        0x4 /usr/lib/gcc/i686-pc-cygwin/4.3.2/libgcc_s.dll.a(d000015.o)
                0x00405198                __imp___Unwind_Resume
 .idata$5       0x0040519c        0x4 /usr/lib/gcc/i686-pc-cygwin/4.3.2/libgcc_s.dll.a(d000035.o)
                0x0040519c                __imp____deregister_frame_info
 .idata$5       0x004051a0        0x4 /usr/lib/gcc/i686-pc-cygwin/4.3.2/libgcc_s.dll.a(d000091.o)
                0x004051a0                __imp____register_frame_info
 .idata$5       0x004051a4        0x4 /usr/lib/gcc/i686-pc-cygwin/4.3.2/libgcc_s.dll.a(d000104.o)
 .idata$5       0x004051a8        0x0 /usr/lib/gcc/i686-pc-cygwin/4.3.2/libstdc++.dll.a(d000000.o)
 .idata$5       0x004051a8        0x4 /usr/lib/gcc/i686-pc-cygwin/4.3.2/libstdc++.dll.a(d000745.o)
                0x004051a8                __imp___ZNSolsEPFRSoS_E
 .idata$5       0x004051ac        0x4 /usr/lib/gcc/i686-pc-cygwin/4.3.2/libstdc++.dll.a(d001743.o)
                0x004051ac                __imp___ZNSt8ios_base4InitC1Ev
 .idata$5       0x004051b0        0x4 /usr/lib/gcc/i686-pc-cygwin/4.3.2/libstdc++.dll.a(d001745.o)
                0x004051b0                __imp___ZNSt8ios_base4InitD1Ev
 .idata$5       0x004051b4        0x4 /usr/lib/gcc/i686-pc-cygwin/4.3.2/libstdc++.dll.a(d001913.o)
                0x004051b4                __imp___ZSt4cout
                0x004051b4                __imp___ZSt4cout
 .idata$5       0x004051b8        0x4 /usr/lib/gcc/i686-pc-cygwin/4.3.2/libstdc++.dll.a(d001914.o)
                0x004051b8                __imp___ZSt4endlIcSt11char_traitsIcEERSt13basic_ostreamIT_T0_ES6_
 .idata$5       0x004051bc        0x4 /usr/lib/gcc/i686-pc-cygwin/4.3.2/libstdc++.dll.a(d001950.o)
                0x004051bc                __imp___ZStlsISt11char_traitsIcEERSt13basic_ostreamIcT_ES5_PKc
 .idata$5       0x004051c0        0x4 /usr/lib/gcc/i686-pc-cygwin/4.3.2/libstdc++.dll.a(d002316.o)
                0x004051c0                __imp____gxx_personality_v0
 .idata$5       0x004051c4        0x4 /usr/lib/gcc/i686-pc-cygwin/4.3.2/libstdc++.dll.a(d002342.o)
 .idata$5       0x004051c8        0x4 /usr/lib/w32api/libkernel32.a(dyuhh.o)
 .idata$5       0x004051cc        0x4 /usr/lib/w32api/libkernel32.a(dyuhs00337.o)
                0x004051cc                __imp__GetModuleHandleA@4
 .idata$5       0x004051d0        0x4 /usr/lib/w32api/libkernel32.a(dyuhs00364.o)
                0x004051d0                __imp__GetProcAddress@8
 .idata$5       0x004051d4        0x4 /usr/lib/w32api/libkernel32.a(dyuht.o)
 .idata$5       0x004051d8        0x4 C:\Qt\2009.05\Qt\lib\libQtCore4.a(d000000.o)
 .idata$5       0x004051dc        0x4 C:\Qt\2009.05\Qt\lib\libQtCore4.a(d000078.o)
                0x004051dc                __imp___Z5qFreePv
 .idata$5       0x004051e0        0x4 C:\Qt\2009.05\Qt\lib\libQtCore4.a(d001806.o)
                0x004051e0                __imp___ZN5QFile4openE6QFlagsIN9QIODevice12OpenModeFlagEE
 .idata$5       0x004051e4        0x4 C:\Qt\2009.05\Qt\lib\libQtCore4.a(d001810.o)
                0x004051e4                __imp___ZN5QFile5closeEv
 .idata$5       0x004051e8        0x4 C:\Qt\2009.05\Qt\lib\libQtCore4.a(d001825.o)
                0x004051e8                __imp___ZN5QFileC1ERK7QString
 .idata$5       0x004051ec        0x4 C:\Qt\2009.05\Qt\lib\libQtCore4.a(d001834.o)
                0x004051ec                __imp___ZN5QFileD1Ev
 .idata$5       0x004051f0        0x4 C:\Qt\2009.05\Qt\lib\libQtCore4.a(d002021.o)
                0x004051f0                __imp___ZN7QString16fromAscii_helperEPKci
 .idata$5       0x004051f4        0x4 C:\Qt\2009.05\Qt\lib\libQtCore4.a(d002027.o)
                0x004051f4                __imp___ZN7QString4freeEPNS_4DataE
 .idata$5       0x004051f8        0x4 C:\Qt\2009.05\Qt\lib\libQtCore4.a(d003308.o)
                0x004051f8                __imp___ZNK7QString11toLocal8BitEv
 .idata$5       0x004051fc        0x4 C:\Qt\2009.05\Qt\lib\libQtCore4.a(d003793.o)
 .idata$5       0x00405200        0x4 C:\Qt\2009.05\Qt\lib\libQtXml4.a(d000000.o)
 .idata$5       0x00405204        0x4 C:\Qt\2009.05\Qt\lib\libQtXml4.a(d000049.o)
                0x00405204                __imp___ZN12QDomDocument10setContentEP9QIODeviceP7QStringPiS4_
 .idata$5       0x00405208        0x4 C:\Qt\2009.05\Qt\lib\libQtXml4.a(d000069.o)
                0x00405208                __imp___ZN12QDomDocumentC1ERK7QString
 .idata$5       0x0040520c        0x4 C:\Qt\2009.05\Qt\lib\libQtXml4.a(d000077.o)
                0x0040520c                __imp___ZN12QDomDocumentD1Ev
 .idata$5       0x00405210        0x4 C:\Qt\2009.05\Qt\lib\libQtXml4.a(d000398.o)
                0x00405210                __imp___ZN8QDomNodeD1Ev
 .idata$5       0x00405214        0x4 C:\Qt\2009.05\Qt\lib\libQtXml4.a(d000399.o)
                0x00405214                __imp___ZN8QDomNodeD2Ev
 .idata$5       0x00405218        0x4 C:\Qt\2009.05\Qt\lib\libQtXml4.a(d000400.o)
                0x00405218                __imp___ZN8QDomNodeaSERKS_
 .idata$5       0x0040521c        0x4 C:\Qt\2009.05\Qt\lib\libQtXml4.a(d000419.o)
                0x0040521c                __imp___ZNK11QDomElement7tagNameEv
 .idata$5       0x00405220        0x4 C:\Qt\2009.05\Qt\lib\libQtXml4.a(d000423.o)
                0x00405220                __imp___ZNK12QDomDocument15documentElementEv
 .idata$5       0x00405224        0x4 C:\Qt\2009.05\Qt\lib\libQtXml4.a(d000536.o)
                0x00405224                __imp___ZNK8QDomNode10firstChildEv
 .idata$5       0x00405228        0x4 C:\Qt\2009.05\Qt\lib\libQtXml4.a(d000544.o)
                0x00405228                __imp___ZNK8QDomNode11nextSiblingEv
 .idata$5       0x0040522c        0x4 C:\Qt\2009.05\Qt\lib\libQtXml4.a(d000570.o)
                0x0040522c                __imp___ZNK8QDomNode6isNullEv
 .idata$5       0x00405230        0x4 C:\Qt\2009.05\Qt\lib\libQtXml4.a(d000587.o)
                0x00405230                __imp___ZNK8QDomNode9toElementEv
 .idata$5       0x00405234        0x4 C:\Qt\2009.05\Qt\lib\libQtXml4.a(d000635.o)
 SORT(*)(.idata$6)
 .idata$6       0x00405238        0xc /usr/lib/gcc/i686-pc-cygwin/4.3.2/../../../libcygwin.a(d000054.o)
 .idata$6       0x00405244       0x10 /usr/lib/gcc/i686-pc-cygwin/4.3.2/../../../libcygwin.a(d000327.o)
                0x00405244                __nm___impure_ptr
 .idata$6       0x00405254        0xc /usr/lib/gcc/i686-pc-cygwin/4.3.2/../../../libcygwin.a(d000696.o)
 .idata$6       0x00405260       0x14 /usr/lib/gcc/i686-pc-cygwin/4.3.2/../../../libcygwin.a(d000752.o)
 .idata$6       0x00405274       0x1c /usr/lib/gcc/i686-pc-cygwin/4.3.2/../../../libcygwin.a(d000772.o)
 .idata$6       0x00405290        0x8 /usr/lib/gcc/i686-pc-cygwin/4.3.2/../../../libcygwin.a(d000870.o)
 .idata$6       0x00405298        0xc /usr/lib/gcc/i686-pc-cygwin/4.3.2/../../../libcygwin.a(d001100.o)
 .idata$6       0x004052a4        0xc /usr/lib/gcc/i686-pc-cygwin/4.3.2/../../../libcygwin.a(d001281.o)
 .idata$6       0x004052b0       0x14 /usr/lib/gcc/i686-pc-cygwin/4.3.2/libgcc_s.dll.a(d000015.o)
 .idata$6       0x004052c4       0x1c /usr/lib/gcc/i686-pc-cygwin/4.3.2/libgcc_s.dll.a(d000035.o)
 .idata$6       0x004052e0       0x18 /usr/lib/gcc/i686-pc-cygwin/4.3.2/libgcc_s.dll.a(d000091.o)
 .idata$6       0x004052f8       0x14 /usr/lib/gcc/i686-pc-cygwin/4.3.2/libstdc++.dll.a(d000745.o)
 .idata$6       0x0040530c       0x1c /usr/lib/gcc/i686-pc-cygwin/4.3.2/libstdc++.dll.a(d001743.o)
 .idata$6       0x00405328       0x1c /usr/lib/gcc/i686-pc-cygwin/4.3.2/libstdc++.dll.a(d001745.o)
 .idata$6       0x00405344        0xc /usr/lib/gcc/i686-pc-cygwin/4.3.2/libstdc++.dll.a(d001913.o)
                0x00405344                __nm___ZSt4cout
 .idata$6       0x00405350       0x40 /usr/lib/gcc/i686-pc-cygwin/4.3.2/libstdc++.dll.a(d001914.o)
 .idata$6       0x00405390       0x3c /usr/lib/gcc/i686-pc-cygwin/4.3.2/libstdc++.dll.a(d001950.o)
 .idata$6       0x004053cc       0x18 /usr/lib/gcc/i686-pc-cygwin/4.3.2/libstdc++.dll.a(d002316.o)
 .idata$6       0x004053e4       0x14 /usr/lib/w32api/libkernel32.a(dyuhs00337.o)
 .idata$6       0x004053f8       0x12 /usr/lib/w32api/libkernel32.a(dyuhs00364.o)
 *fill*         0x0040540a        0x2 00
 .idata$6       0x0040540c       0x10 C:\Qt\2009.05\Qt\lib\libQtCore4.a(d000078.o)
 .idata$6       0x0040541c       0x38 C:\Qt\2009.05\Qt\lib\libQtCore4.a(d001806.o)
 .idata$6       0x00405454       0x14 C:\Qt\2009.05\Qt\lib\libQtCore4.a(d001810.o)
 .idata$6       0x00405468       0x1c C:\Qt\2009.05\Qt\lib\libQtCore4.a(d001825.o)
 .idata$6       0x00405484       0x10 C:\Qt\2009.05\Qt\lib\libQtCore4.a(d001834.o)
 .idata$6       0x00405494       0x28 C:\Qt\2009.05\Qt\lib\libQtCore4.a(d002021.o)
 .idata$6       0x004054bc       0x20 C:\Qt\2009.05\Qt\lib\libQtCore4.a(d002027.o)
 .idata$6       0x004054dc       0x20 C:\Qt\2009.05\Qt\lib\libQtCore4.a(d003308.o)
 .idata$6       0x004054fc       0x3c C:\Qt\2009.05\Qt\lib\libQtXml4.a(d000049.o)
 .idata$6       0x00405538       0x24 C:\Qt\2009.05\Qt\lib\libQtXml4.a(d000069.o)
 .idata$6       0x0040555c       0x18 C:\Qt\2009.05\Qt\lib\libQtXml4.a(d000077.o)
 .idata$6       0x00405574       0x14 C:\Qt\2009.05\Qt\lib\libQtXml4.a(d000398.o)
 .idata$6       0x00405588       0x14 C:\Qt\2009.05\Qt\lib\libQtXml4.a(d000399.o)
 .idata$6       0x0040559c       0x18 C:\Qt\2009.05\Qt\lib\libQtXml4.a(d000400.o)
 .idata$6       0x004055b4       0x20 C:\Qt\2009.05\Qt\lib\libQtXml4.a(d000419.o)
 .idata$6       0x004055d4       0x28 C:\Qt\2009.05\Qt\lib\libQtXml4.a(d000423.o)
 .idata$6       0x004055fc       0x20 C:\Qt\2009.05\Qt\lib\libQtXml4.a(d000536.o)
 .idata$6       0x0040561c       0x20 C:\Qt\2009.05\Qt\lib\libQtXml4.a(d000544.o)
 .idata$6       0x0040563c       0x1c C:\Qt\2009.05\Qt\lib\libQtXml4.a(d000570.o)
 .idata$6       0x00405658       0x1c C:\Qt\2009.05\Qt\lib\libQtXml4.a(d000587.o)
 SORT(*)(.idata$7)
 .idata$7       0x00405674        0x4 /usr/lib/gcc/i686-pc-cygwin/4.3.2/../../../libcygwin.a(d000054.o)
 .idata$7       0x00405678        0x4 /usr/lib/gcc/i686-pc-cygwin/4.3.2/../../../libcygwin.a(d000327.o)
 .idata$7       0x0040567c        0x4 /usr/lib/gcc/i686-pc-cygwin/4.3.2/../../../libcygwin.a(d000696.o)
 .idata$7       0x00405680        0x4 /usr/lib/gcc/i686-pc-cygwin/4.3.2/../../../libcygwin.a(d000752.o)
 .idata$7       0x00405684        0x4 /usr/lib/gcc/i686-pc-cygwin/4.3.2/../../../libcygwin.a(d000772.o)
 .idata$7       0x00405688        0x4 /usr/lib/gcc/i686-pc-cygwin/4.3.2/../../../libcygwin.a(d000870.o)
 .idata$7       0x0040568c        0x4 /usr/lib/gcc/i686-pc-cygwin/4.3.2/../../../libcygwin.a(d001100.o)
 .idata$7       0x00405690        0x4 /usr/lib/gcc/i686-pc-cygwin/4.3.2/../../../libcygwin.a(d001281.o)
 .idata$7       0x00405694        0xc /usr/lib/gcc/i686-pc-cygwin/4.3.2/../../../libcygwin.a(d001625.o)
                0x00405694                _cygwin1_dll_iname
 .idata$7       0x004056a0        0x4 /usr/lib/gcc/i686-pc-cygwin/4.3.2/libgcc_s.dll.a(d000015.o)
 .idata$7       0x004056a4        0x4 /usr/lib/gcc/i686-pc-cygwin/4.3.2/libgcc_s.dll.a(d000035.o)
 .idata$7       0x004056a8        0x4 /usr/lib/gcc/i686-pc-cygwin/4.3.2/libgcc_s.dll.a(d000091.o)
 .idata$7       0x004056ac       0x10 /usr/lib/gcc/i686-pc-cygwin/4.3.2/libgcc_s.dll.a(d000104.o)
                0x004056ac                _cyggcc_s_1_dll_iname
 .idata$7       0x004056bc        0x4 /usr/lib/gcc/i686-pc-cygwin/4.3.2/libstdc++.dll.a(d000745.o)
 .idata$7       0x004056c0        0x4 /usr/lib/gcc/i686-pc-cygwin/4.3.2/libstdc++.dll.a(d001743.o)
 .idata$7       0x004056c4        0x4 /usr/lib/gcc/i686-pc-cygwin/4.3.2/libstdc++.dll.a(d001745.o)
 .idata$7       0x004056c8        0x4 /usr/lib/gcc/i686-pc-cygwin/4.3.2/libstdc++.dll.a(d001913.o)
 .idata$7       0x004056cc        0x4 /usr/lib/gcc/i686-pc-cygwin/4.3.2/libstdc++.dll.a(d001914.o)
 .idata$7       0x004056d0        0x4 /usr/lib/gcc/i686-pc-cygwin/4.3.2/libstdc++.dll.a(d001950.o)
 .idata$7       0x004056d4        0x4 /usr/lib/gcc/i686-pc-cygwin/4.3.2/libstdc++.dll.a(d002316.o)
 .idata$7       0x004056d8       0x10 /usr/lib/gcc/i686-pc-cygwin/4.3.2/libstdc++.dll.a(d002342.o)
                0x004056d8                _cygstdc___6_dll_iname
 .idata$7       0x004056e8        0x4 /usr/lib/w32api/libkernel32.a(dyuhs00337.o)
 .idata$7       0x004056ec        0x4 /usr/lib/w32api/libkernel32.a(dyuhs00364.o)
 .idata$7       0x004056f0       0x10 /usr/lib/w32api/libkernel32.a(dyuht.o)
                0x004056f0                __libkernel32_a_iname
 .idata$7       0x00405700        0x4 C:\Qt\2009.05\Qt\lib\libQtCore4.a(d000078.o)
 .idata$7       0x00405704        0x4 C:\Qt\2009.05\Qt\lib\libQtCore4.a(d001806.o)
 .idata$7       0x00405708        0x4 C:\Qt\2009.05\Qt\lib\libQtCore4.a(d001810.o)
 .idata$7       0x0040570c        0x4 C:\Qt\2009.05\Qt\lib\libQtCore4.a(d001825.o)
 .idata$7       0x00405710        0x4 C:\Qt\2009.05\Qt\lib\libQtCore4.a(d001834.o)
 .idata$7       0x00405714        0x4 C:\Qt\2009.05\Qt\lib\libQtCore4.a(d002021.o)
 .idata$7       0x00405718        0x4 C:\Qt\2009.05\Qt\lib\libQtCore4.a(d002027.o)
 .idata$7       0x0040571c        0x4 C:\Qt\2009.05\Qt\lib\libQtCore4.a(d003308.o)
 .idata$7       0x00405720        0xc C:\Qt\2009.05\Qt\lib\libQtCore4.a(d003793.o)
                0x00405720                _QtCore4_dll_iname
 .idata$7       0x0040572c        0x4 C:\Qt\2009.05\Qt\lib\libQtXml4.a(d000049.o)
 .idata$7       0x00405730        0x4 C:\Qt\2009.05\Qt\lib\libQtXml4.a(d000069.o)
 .idata$7       0x00405734        0x4 C:\Qt\2009.05\Qt\lib\libQtXml4.a(d000077.o)
 .idata$7       0x00405738        0x4 C:\Qt\2009.05\Qt\lib\libQtXml4.a(d000398.o)
 .idata$7       0x0040573c        0x4 C:\Qt\2009.05\Qt\lib\libQtXml4.a(d000399.o)
 .idata$7       0x00405740        0x4 C:\Qt\2009.05\Qt\lib\libQtXml4.a(d000400.o)
 .idata$7       0x00405744        0x4 C:\Qt\2009.05\Qt\lib\libQtXml4.a(d000419.o)
 .idata$7       0x00405748        0x4 C:\Qt\2009.05\Qt\lib\libQtXml4.a(d000423.o)
 .idata$7       0x0040574c        0x4 C:\Qt\2009.05\Qt\lib\libQtXml4.a(d000536.o)
 .idata$7       0x00405750        0x4 C:\Qt\2009.05\Qt\lib\libQtXml4.a(d000544.o)
 .idata$7       0x00405754        0x4 C:\Qt\2009.05\Qt\lib\libQtXml4.a(d000570.o)
 .idata$7       0x00405758        0x4 C:\Qt\2009.05\Qt\lib\libQtXml4.a(d000587.o)
 .idata$7       0x0040575c        0xc C:\Qt\2009.05\Qt\lib\libQtXml4.a(d000635.o)
                0x0040575c                _QtXml4_dll_iname

.CRT            0x00406000        0x0
                0x00406000                ___crt_xc_start__ = .
 *(SORT(.CRT$XC*))
                0x00406000                ___crt_xc_end__ = .
                0x00406000                ___crt_xi_start__ = .
 *(SORT(.CRT$XI*))
                0x00406000                ___crt_xi_end__ = .
                0x00406000                ___crt_xl_start__ = .
 *(SORT(.CRT$XL*))
                0x00406000                ___crt_xp_start__ = .
 *(SORT(.CRT$XP*))
                0x00406000                ___crt_xp_end__ = .
                0x00406000                ___crt_xt_start__ = .
 *(SORT(.CRT$XT*))
                0x00406000                ___crt_xt_end__ = .

.tls            0x00406000        0x0
                0x00406000                ___tls_start__ = .
 *(.tls)
 *(.tls$)
 *(SORT(.tls$*))
                0x00406000                ___tls_end__ = .

.endjunk        0x00406000        0x0
                0x00406000                PROVIDE (end, .)
                0x00406000                PROVIDE (_end, .)
                0x00406000                __end__ = .

.rsrc
 *(.rsrc)
 *(SORT(.rsrc$*))

.reloc
 *(.reloc)

.stab
 *(.stab)

.stabstr
 *(.stabstr)

.debug_aranges
 *(.debug_aranges)

.debug_pubnames
                0x00406000      0x200
 *(.debug_pubnames)
 .debug_pubnames
                0x00406000       0x36 /usr/lib/gcc/i686-pc-cygwin/4.3.2/libgcc_s.dll.a(_ctors.o)

.debug_info     0x00407000      0x400
 *(.debug_info)
 .debug_info    0x00407000      0x225 /usr/lib/gcc/i686-pc-cygwin/4.3.2/libgcc_s.dll.a(_ctors.o)
 *(.gnu.linkonce.wi.*)

.debug_abbrev   0x00408000      0x200
 *(.debug_abbrev)
 .debug_abbrev  0x00408000       0x68 /usr/lib/gcc/i686-pc-cygwin/4.3.2/libgcc_s.dll.a(_ctors.o)

.debug_line     0x00409000      0x200
 *(.debug_line)
 .debug_line    0x00409000       0x73 /usr/lib/gcc/i686-pc-cygwin/4.3.2/libgcc_s.dll.a(_ctors.o)

.debug_frame
 *(.debug_frame)

.debug_str
 *(.debug_str)

.debug_loc
 *(.debug_loc)

.debug_macinfo
 *(.debug_macinfo)

.debug_weaknames
 *(.debug_weaknames)

.debug_funcnames
 *(.debug_funcnames)

.debug_typenames
 *(.debug_typenames)

.debug_varnames
 *(.debug_varnames)

.debug_ranges
 *(.debug_ranges)
OUTPUT(example.exe pei-i386)
LOAD nmth000000.o
LOAD fu000001.o
